14:52:05 **** Incremental Build of configuration Debug for project excellenceTest ****
make all 
make: Nothing to be done for 'all'.
14:52:10 **** Incremental Build of configuration Debug for project excellenceTest ****
make all 
make: Nothing to be done for 'all'.
14:52:58 **** Auto Build of configuration Debug for project excellenceTest ****
make all 
Building file: ../src/test.c
Invoking: MicroBlaze gcc compiler
mb-gcc -Wall -O0 -g3 -c -fmessage-length=0 -MT"src/test.o" -I../../HelloWorld_bsp/microblaze_0/include -mlittle-endian -mcpu=v11.0 -mxl-soft-mul -Wl,--no-relax -ffunction-sections -fdata-sections -MMD -MP -MF"src/test.d" -MT"src/test.o" -o "src/test.o" "../src/test.c"
../src/test.c: In function 'My_ISR':
../src/test.c:76:9: warning: implicit declaration of function 'btn_handler'; did you mean 'btnHandler'? [-Wimplicit-function-declaration]
         btn_handler();
         ^~~~~~~~~~~
         btnHandler
../src/test.c: At top level:
../src/test.c:81:6: warning: conflicting types for 'btn_handler'
 void btn_handler() {
      ^~~~~~~~~~~
../src/test.c:76:9: note: previous implicit declaration of 'btn_handler' was here
         btn_handler();
         ^~~~~~~~~~~
Finished building: ../src/test.c
 
Building target: excellenceTest.elf
Invoking: MicroBlaze gcc linker
mb-gcc -Wl,-T -Wl,../src/lscript.ld -L../../HelloWorld_bsp/microblaze_0/lib -mlittle-endian -mcpu=v11.0 -mxl-soft-mul -Wl,--no-relax -Wl,--gc-sections -o "excellenceTest.elf"  ./src/test.o   -Wl,--start-group,-lxil,-lgcc,-lc,--end-group
Finished building target: excellenceTest.elf
 
Invoking: MicroBlaze Print Size
mb-size excellenceTest.elf  |tee "excellenceTest.elf.size"
   text	   data	    bss	    dec	    hex	filename
   6504	    264	   3112	   9880	   2698	excellenceTest.elf
Finished building: excellenceTest.elf.size
 
14:53:03 **** Incremental Build of configuration Debug for project excellenceTest ****
make all 
make: Nothing to be done for 'all'.
14:54:05 **** Auto Build of configuration Debug for project excellenceTest ****
make all 
Building file: ../src/test.c
Invoking: MicroBlaze gcc compiler
mb-gcc -Wall -O0 -g3 -c -fmessage-length=0 -MT"src/test.o" -I../../HelloWorld_bsp/microblaze_0/include -mlittle-endian -mcpu=v11.0 -mxl-soft-mul -Wl,--no-relax -ffunction-sections -fdata-sections -MMD -MP -MF"src/test.d" -MT"src/test.o" -o "src/test.o" "../src/test.c"
../src/test.c: In function 'My_ISR':
../src/test.c:76:9: warning: implicit declaration of function 'btn_handler'; did you mean 'btnHandler'? [-Wimplicit-function-declaration]
         btn_handler();
         ^~~~~~~~~~~
         btnHandler
../src/test.c: At top level:
../src/test.c:82:6: warning: conflicting types for 'btn_handler'
 void btn_handler() {
      ^~~~~~~~~~~
../src/test.c:76:9: note: previous implicit declaration of 'btn_handler' was here
         btn_handler();
         ^~~~~~~~~~~
Finished building: ../src/test.c
 
Building target: excellenceTest.elf
Invoking: MicroBlaze gcc linker
mb-gcc -Wl,-T -Wl,../src/lscript.ld -L../../HelloWorld_bsp/microblaze_0/lib -mlittle-endian -mcpu=v11.0 -mxl-soft-mul -Wl,--no-relax -Wl,--gc-sections -o "excellenceTest.elf"  ./src/test.o   -Wl,--start-group,-lxil,-lgcc,-lc,--end-group
Finished building target: excellenceTest.elf
 
Invoking: MicroBlaze Print Size
mb-size excellenceTest.elf  |tee "excellenceTest.elf.size"
   text	   data	    bss	    dec	    hex	filename
   6532	    264	   3116	   9912	   26b8	excellenceTest.elf
Finished building: excellenceTest.elf.size
 
14:54:39 **** Auto Build of configuration Debug for project excellenceTest ****
make all 
Building file: ../src/test.c
Invoking: MicroBlaze gcc compiler
mb-gcc -Wall -O0 -g3 -c -fmessage-length=0 -MT"src/test.o" -I../../HelloWorld_bsp/microblaze_0/include -mlittle-endian -mcpu=v11.0 -mxl-soft-mul -Wl,--no-relax -ffunction-sections -fdata-sections -MMD -MP -MF"src/test.d" -MT"src/test.o" -o "src/test.o" "../src/test.c"
Finished building: ../src/test.c
 
Building target: excellenceTest.elf
Invoking: MicroBlaze gcc linker
mb-gcc -Wl,-T -Wl,../src/lscript.ld -L../../HelloWorld_bsp/microblaze_0/lib -mlittle-endian -mcpu=v11.0 -mxl-soft-mul -Wl,--no-relax -Wl,--gc-sections -o "excellenceTest.elf"  ./src/test.o   -Wl,--start-group,-lxil,-lgcc,-lc,--end-group
Finished building target: excellenceTest.elf
 
Invoking: MicroBlaze Print Size
mb-size excellenceTest.elf  |tee "excellenceTest.elf.size"
   text	   data	    bss	    dec	    hex	filename
   6532	    264	   3116	   9912	   26b8	excellenceTest.elf
Finished building: excellenceTest.elf.size
 
14:55:27 **** Incremental Build of configuration Debug for project excellenceTest ****
make all 
make: Nothing to be done for 'all'.
14:58:01 **** Auto Build of configuration Debug for project excellenceTest ****
make all 
Building file: ../src/test.c
Invoking: MicroBlaze gcc compiler
mb-gcc -Wall -O0 -g3 -c -fmessage-length=0 -MT"src/test.o" -I../../HelloWorld_bsp/microblaze_0/include -mlittle-endian -mcpu=v11.0 -mxl-soft-mul -Wl,--no-relax -ffunction-sections -fdata-sections -MMD -MP -MF"src/test.d" -MT"src/test.o" -o "src/test.o" "../src/test.c"
Finished building: ../src/test.c
 
Building target: excellenceTest.elf
Invoking: MicroBlaze gcc linker
mb-gcc -Wl,-T -Wl,../src/lscript.ld -L../../HelloWorld_bsp/microblaze_0/lib -mlittle-endian -mcpu=v11.0 -mxl-soft-mul -Wl,--no-relax -Wl,--gc-sections -o "excellenceTest.elf"  ./src/test.o   -Wl,--start-group,-lxil,-lgcc,-lc,--end-group
Finished building target: excellenceTest.elf
 
Invoking: MicroBlaze Print Size
mb-size excellenceTest.elf  |tee "excellenceTest.elf.size"
   text	   data	    bss	    dec	    hex	filename
   6532	    264	   3116	   9912	   26b8	excellenceTest.elf
Finished building: excellenceTest.elf.size
 
14:58:11 **** Incremental Build of configuration Debug for project excellenceTest ****
make all 
make: Nothing to be done for 'all'.
15:00:41 **** Auto Build of configuration Debug for project excellenceTest ****
make all 
Building file: ../src/test.c
Invoking: MicroBlaze gcc compiler
mb-gcc -Wall -O0 -g3 -c -fmessage-length=0 -MT"src/test.o" -I../../HelloWorld_bsp/microblaze_0/include -mlittle-endian -mcpu=v11.0 -mxl-soft-mul -Wl,--no-relax -ffunction-sections -fdata-sections -MMD -MP -MF"src/test.d" -MT"src/test.o" -o "src/test.o" "../src/test.c"
Finished building: ../src/test.c
 
Building target: excellenceTest.elf
Invoking: MicroBlaze gcc linker
mb-gcc -Wl,-T -Wl,../src/lscript.ld -L../../HelloWorld_bsp/microblaze_0/lib -mlittle-endian -mcpu=v11.0 -mxl-soft-mul -Wl,--no-relax -Wl,--gc-sections -o "excellenceTest.elf"  ./src/test.o   -Wl,--start-group,-lxil,-lgcc,-lc,--end-group
Finished building target: excellenceTest.elf
 
Invoking: MicroBlaze Print Size
mb-size excellenceTest.elf  |tee "excellenceTest.elf.size"
   text	   data	    bss	    dec	    hex	filename
   6572	    264	   3116	   9952	   26e0	excellenceTest.elf
Finished building: excellenceTest.elf.size
 
15:01:32 **** Incremental Build of configuration Debug for project excellenceTest ****
make all 
make: Nothing to be done for 'all'.
15:01:53 **** Incremental Build of configuration Debug for project excellenceTest ****
make all 
make: Nothing to be done for 'all'.
15:06:15 **** Auto Build of configuration Debug for project excellenceTest ****
make all 
Building file: ../src/test.c
Invoking: MicroBlaze gcc compiler
mb-gcc -Wall -O0 -g3 -c -fmessage-length=0 -MT"src/test.o" -I../../HelloWorld_bsp/microblaze_0/include -mlittle-endian -mcpu=v11.0 -mxl-soft-mul -Wl,--no-relax -ffunction-sections -fdata-sections -MMD -MP -MF"src/test.d" -MT"src/test.o" -o "src/test.o" "../src/test.c"
../src/test.c: In function 'btn_handler':
../src/test.c:103:1: error: expected declaration or statement at end of input
 }
 ^
make: *** [src/subdir.mk:23: src/test.o] Error 1
15:07:16 **** Auto Build of configuration Debug for project excellenceTest ****
make all 
Building file: ../src/test.c
Invoking: MicroBlaze gcc compiler
mb-gcc -Wall -O0 -g3 -c -fmessage-length=0 -MT"src/test.o" -I../../HelloWorld_bsp/microblaze_0/include -mlittle-endian -mcpu=v11.0 -mxl-soft-mul -Wl,--no-relax -ffunction-sections -fdata-sections -MMD -MP -MF"src/test.d" -MT"src/test.o" -o "src/test.o" "../src/test.c"
Finished building: ../src/test.c
 
Building target: excellenceTest.elf
Invoking: MicroBlaze gcc linker
mb-gcc -Wl,-T -Wl,../src/lscript.ld -L../../HelloWorld_bsp/microblaze_0/lib -mlittle-endian -mcpu=v11.0 -mxl-soft-mul -Wl,--no-relax -Wl,--gc-sections -o "excellenceTest.elf"  ./src/test.o   -Wl,--start-group,-lxil,-lgcc,-lc,--end-group
Finished building target: excellenceTest.elf
 
Invoking: MicroBlaze Print Size
mb-size excellenceTest.elf  |tee "excellenceTest.elf.size"
   text	   data	    bss	    dec	    hex	filename
   6760	    264	   3112	  10136	   2798	excellenceTest.elf
Finished building: excellenceTest.elf.size
 
15:07:23 **** Incremental Build of configuration Debug for project excellenceTest ****
make all 
make: Nothing to be done for 'all'.
15:08:36 **** Auto Build of configuration Debug for project excellenceTest ****
make all 
Building file: ../src/test.c
Invoking: MicroBlaze gcc compiler
mb-gcc -Wall -O0 -g3 -c -fmessage-length=0 -MT"src/test.o" -I../../HelloWorld_bsp/microblaze_0/include -mlittle-endian -mcpu=v11.0 -mxl-soft-mul -Wl,--no-relax -ffunction-sections -fdata-sections -MMD -MP -MF"src/test.d" -MT"src/test.o" -o "src/test.o" "../src/test.c"
Finished building: ../src/test.c
 
Building target: excellenceTest.elf
Invoking: MicroBlaze gcc linker
mb-gcc -Wl,-T -Wl,../src/lscript.ld -L../../HelloWorld_bsp/microblaze_0/lib -mlittle-endian -mcpu=v11.0 -mxl-soft-mul -Wl,--no-relax -Wl,--gc-sections -o "excellenceTest.elf"  ./src/test.o   -Wl,--start-group,-lxil,-lgcc,-lc,--end-group
Finished building target: excellenceTest.elf
 
Invoking: MicroBlaze Print Size
mb-size excellenceTest.elf  |tee "excellenceTest.elf.size"
   text	   data	    bss	    dec	    hex	filename
   6760	    264	   3112	  10136	   2798	excellenceTest.elf
Finished building: excellenceTest.elf.size
 
15:08:57 **** Auto Build of configuration Debug for project excellenceTest ****
make all 
Building file: ../src/test.c
Invoking: MicroBlaze gcc compiler
mb-gcc -Wall -O0 -g3 -c -fmessage-length=0 -MT"src/test.o" -I../../HelloWorld_bsp/microblaze_0/include -mlittle-endian -mcpu=v11.0 -mxl-soft-mul -Wl,--no-relax -ffunction-sections -fdata-sections -MMD -MP -MF"src/test.d" -MT"src/test.o" -o "src/test.o" "../src/test.c"
Finished building: ../src/test.c
 
Building target: excellenceTest.elf
Invoking: MicroBlaze gcc linker
mb-gcc -Wl,-T -Wl,../src/lscript.ld -L../../HelloWorld_bsp/microblaze_0/lib -mlittle-endian -mcpu=v11.0 -mxl-soft-mul -Wl,--no-relax -Wl,--gc-sections -o "excellenceTest.elf"  ./src/test.o   -Wl,--start-group,-lxil,-lgcc,-lc,--end-group
Finished building target: excellenceTest.elf
 
Invoking: MicroBlaze Print Size
mb-size excellenceTest.elf  |tee "excellenceTest.elf.size"
   text	   data	    bss	    dec	    hex	filename
   6760	    264	   3112	  10136	   2798	excellenceTest.elf
Finished building: excellenceTest.elf.size
 
15:13:42 **** Auto Build of configuration Debug for project excellenceTest ****
make all 
Building file: ../src/test.c
Invoking: MicroBlaze gcc compiler
mb-gcc -Wall -O0 -g3 -c -fmessage-length=0 -MT"src/test.o" -I../../HelloWorld_bsp/microblaze_0/include -mlittle-endian -mcpu=v11.0 -mxl-soft-mul -Wl,--no-relax -ffunction-sections -fdata-sections -MMD -MP -MF"src/test.d" -MT"src/test.o" -o "src/test.o" "../src/test.c"
Finished building: ../src/test.c
 
Building target: excellenceTest.elf
Invoking: MicroBlaze gcc linker
mb-gcc -Wl,-T -Wl,../src/lscript.ld -L../../HelloWorld_bsp/microblaze_0/lib -mlittle-endian -mcpu=v11.0 -mxl-soft-mul -Wl,--no-relax -Wl,--gc-sections -o "excellenceTest.elf"  ./src/test.o   -Wl,--start-group,-lxil,-lgcc,-lc,--end-group
Finished building target: excellenceTest.elf
 
Invoking: MicroBlaze Print Size
mb-size excellenceTest.elf  |tee "excellenceTest.elf.size"
   text	   data	    bss	    dec	    hex	filename
   6760	    264	   3112	  10136	   2798	excellenceTest.elf
Finished building: excellenceTest.elf.size
 
15:18:00 **** Auto Build of configuration Debug for project excellenceTest ****
make all 
Building file: ../src/test.c
Invoking: MicroBlaze gcc compiler
mb-gcc -Wall -O0 -g3 -c -fmessage-length=0 -MT"src/test.o" -I../../HelloWorld_bsp/microblaze_0/include -mlittle-endian -mcpu=v11.0 -mxl-soft-mul -Wl,--no-relax -ffunction-sections -fdata-sections -MMD -MP -MF"src/test.d" -MT"src/test.o" -o "src/test.o" "../src/test.c"
Finished building: ../src/test.c
 
Building target: excellenceTest.elf
Invoking: MicroBlaze gcc linker
mb-gcc -Wl,-T -Wl,../src/lscript.ld -L../../HelloWorld_bsp/microblaze_0/lib -mlittle-endian -mcpu=v11.0 -mxl-soft-mul -Wl,--no-relax -Wl,--gc-sections -o "excellenceTest.elf"  ./src/test.o   -Wl,--start-group,-lxil,-lgcc,-lc,--end-group
Finished building target: excellenceTest.elf
 
Invoking: MicroBlaze Print Size
mb-size excellenceTest.elf  |tee "excellenceTest.elf.size"
   text	   data	    bss	    dec	    hex	filename
   6760	    264	   3112	  10136	   2798	excellenceTest.elf
Finished building: excellenceTest.elf.size
 
15:19:11 **** Auto Build of configuration Debug for project excellenceTest ****
make all 
Building file: ../src/test.c
Invoking: MicroBlaze gcc compiler
mb-gcc -Wall -O0 -g3 -c -fmessage-length=0 -MT"src/test.o" -I../../HelloWorld_bsp/microblaze_0/include -mlittle-endian -mcpu=v11.0 -mxl-soft-mul -Wl,--no-relax -ffunction-sections -fdata-sections -MMD -MP -MF"src/test.d" -MT"src/test.o" -o "src/test.o" "../src/test.c"
../src/test.c: In function 'display_seg':
../src/test.c:113:60: warning: passing argument 2 of 'Xil_Out8' makes integer from pointer without a cast [-Wint-conversion]
     Xil_Out8(XPAR_AXI_GPIO_1_BASEADDR + XGPIO_DATA2_OFFSET,segCode);
                                                            ^~~~~~~
In file included from ../src/test.c:8:0:
../../HelloWorld_bsp/microblaze_0/include/xil_io.h:182:20: note: expected 'u8 {aka unsigned char}' but argument is of type 'short unsigned int *'
 static INLINE void Xil_Out8(UINTPTR Addr, u8 Value)
                    ^~~~~~~~
Finished building: ../src/test.c
 
Building target: excellenceTest.elf
Invoking: MicroBlaze gcc linker
mb-gcc -Wl,-T -Wl,../src/lscript.ld -L../../HelloWorld_bsp/microblaze_0/lib -mlittle-endian -mcpu=v11.0 -mxl-soft-mul -Wl,--no-relax -Wl,--gc-sections -o "excellenceTest.elf"  ./src/test.o   -Wl,--start-group,-lxil,-lgcc,-lc,--end-group
Finished building target: excellenceTest.elf
 
Invoking: MicroBlaze Print Size
mb-size excellenceTest.elf  |tee "excellenceTest.elf.size"
   text	   data	    bss	    dec	    hex	filename
   6760	    264	   3112	  10136	   2798	excellenceTest.elf
Finished building: excellenceTest.elf.size
 
15:19:38 **** Auto Build of configuration Debug for project InterruptControl ****
make all 
Building file: ../src/InterruptControl.c
Invoking: MicroBlaze gcc compiler
mb-gcc -Wall -O0 -g3 -c -fmessage-length=0 -MT"src/InterruptControl.o" -I../../HelloWorld_bsp/microblaze_0/include -mlittle-endian -mcpu=v11.0 -mxl-soft-mul -Wl,--no-relax -ffunction-sections -fdata-sections -MMD -MP -MF"src/InterruptControl.d" -MT"src/InterruptControl.o" -o "src/InterruptControl.o" "../src/InterruptControl.c"
Finished building: ../src/InterruptControl.c
 
Building target: InterruptControl.elf
Invoking: MicroBlaze gcc linker
mb-gcc -Wl,-T -Wl,../src/lscript.ld -L../../HelloWorld_bsp/microblaze_0/lib -mlittle-endian -mcpu=v11.0 -mxl-soft-mul -Wl,--no-relax -Wl,--gc-sections -o "InterruptControl.elf"  ./src/InterruptControl.o   -Wl,--start-group,-lxil,-lgcc,-lc,--end-group
Finished building target: InterruptControl.elf
 
Invoking: MicroBlaze Print Size
mb-size InterruptControl.elf  |tee "InterruptControl.elf.size"
   text	   data	    bss	    dec	    hex	filename
   4608	    286	   3114	   8008	   1f48	InterruptControl.elf
Finished building: InterruptControl.elf.size
 
15:39:36 **** Auto Build of configuration Debug for project excellenceTest ****
make all 
Building file: ../src/test.c
Invoking: MicroBlaze gcc compiler
mb-gcc -Wall -O0 -g3 -c -fmessage-length=0 -MT"src/test.o" -I../../HelloWorld_bsp/microblaze_0/include -mlittle-endian -mcpu=v11.0 -mxl-soft-mul -Wl,--no-relax -ffunction-sections -fdata-sections -MMD -MP -MF"src/test.d" -MT"src/test.o" -o "src/test.o" "../src/test.c"
Finished building: ../src/test.c
 
Building target: excellenceTest.elf
Invoking: MicroBlaze gcc linker
mb-gcc -Wl,-T -Wl,../src/lscript.ld -L../../HelloWorld_bsp/microblaze_0/lib -mlittle-endian -mcpu=v11.0 -mxl-soft-mul -Wl,--no-relax -Wl,--gc-sections -o "excellenceTest.elf"  ./src/test.o   -Wl,--start-group,-lxil,-lgcc,-lc,--end-group
Finished building target: excellenceTest.elf
 
Invoking: MicroBlaze Print Size
mb-size excellenceTest.elf  |tee "excellenceTest.elf.size"
   text	   data	    bss	    dec	    hex	filename
   6760	    264	   3112	  10136	   2798	excellenceTest.elf
Finished building: excellenceTest.elf.size
 
15:40:18 **** Auto Build of configuration Debug for project excellenceTest ****
make all 
Building file: ../src/test.c
Invoking: MicroBlaze gcc compiler
mb-gcc -Wall -O0 -g3 -c -fmessage-length=0 -MT"src/test.o" -I../../HelloWorld_bsp/microblaze_0/include -mlittle-endian -mcpu=v11.0 -mxl-soft-mul -Wl,--no-relax -ffunction-sections -fdata-sections -MMD -MP -MF"src/test.d" -MT"src/test.o" -o "src/test.o" "../src/test.c"
Finished building: ../src/test.c
 
Building target: excellenceTest.elf
Invoking: MicroBlaze gcc linker
mb-gcc -Wl,-T -Wl,../src/lscript.ld -L../../HelloWorld_bsp/microblaze_0/lib -mlittle-endian -mcpu=v11.0 -mxl-soft-mul -Wl,--no-relax -Wl,--gc-sections -o "excellenceTest.elf"  ./src/test.o   -Wl,--start-group,-lxil,-lgcc,-lc,--end-group
Finished building target: excellenceTest.elf
 
Invoking: MicroBlaze Print Size
mb-size excellenceTest.elf  |tee "excellenceTest.elf.size"
   text	   data	    bss	    dec	    hex	filename
   6760	    264	   3112	  10136	   2798	excellenceTest.elf
Finished building: excellenceTest.elf.size
 
15:44:52 **** Auto Build of configuration Debug for project excellenceTest ****
make all 
Building file: ../src/test.c
Invoking: MicroBlaze gcc compiler
mb-gcc -Wall -O0 -g3 -c -fmessage-length=0 -MT"src/test.o" -I../../HelloWorld_bsp/microblaze_0/include -mlittle-endian -mcpu=v11.0 -mxl-soft-mul -Wl,--no-relax -ffunction-sections -fdata-sections -MMD -MP -MF"src/test.d" -MT"src/test.o" -o "src/test.o" "../src/test.c"
../src/test.c: In function 'btn_handler':
../src/test.c:127:1: error: expected declaration or statement at end of input
 }
 ^
At top level:
../src/test.c:123:6: warning: 'display_seg' defined but not used [-Wunused-function]
 void display_seg() {
      ^~~~~~~~~~~
make: *** [src/subdir.mk:23: src/test.o] Error 1
15:46:28 **** Auto Build of configuration Debug for project excellenceTest ****
make all 
Building file: ../src/test.c
Invoking: MicroBlaze gcc compiler
mb-gcc -Wall -O0 -g3 -c -fmessage-length=0 -MT"src/test.o" -I../../HelloWorld_bsp/microblaze_0/include -mlittle-endian -mcpu=v11.0 -mxl-soft-mul -Wl,--no-relax -ffunction-sections -fdata-sections -MMD -MP -MF"src/test.d" -MT"src/test.o" -o "src/test.o" "../src/test.c"
../src/test.c: In function 'btn_handler':
../src/test.c:127:1: error: expected declaration or statement at end of input
 }
 ^
At top level:
../src/test.c:123:6: warning: 'display_seg' defined but not used [-Wunused-function]
 void display_seg() {
      ^~~~~~~~~~~
make: *** [src/subdir.mk:23: src/test.o] Error 1
15:47:28 **** Auto Build of configuration Debug for project excellenceTest ****
make all 
Building file: ../src/test.c
Invoking: MicroBlaze gcc compiler
mb-gcc -Wall -O0 -g3 -c -fmessage-length=0 -MT"src/test.o" -I../../HelloWorld_bsp/microblaze_0/include -mlittle-endian -mcpu=v11.0 -mxl-soft-mul -Wl,--no-relax -ffunction-sections -fdata-sections -MMD -MP -MF"src/test.d" -MT"src/test.o" -o "src/test.o" "../src/test.c"
../src/test.c: In function 'btn_handler':
../src/test.c:127:1: error: expected declaration or statement at end of input
 }
 ^
At top level:
../src/test.c:123:6: warning: 'display_seg' defined but not used [-Wunused-function]
 void display_seg() {
      ^~~~~~~~~~~
make: *** [src/subdir.mk:23: src/test.o] Error 1
15:47:47 **** Auto Build of configuration Debug for project excellenceTest ****
make all 
Building file: ../src/test.c
Invoking: MicroBlaze gcc compiler
mb-gcc -Wall -O0 -g3 -c -fmessage-length=0 -MT"src/test.o" -I../../HelloWorld_bsp/microblaze_0/include -mlittle-endian -mcpu=v11.0 -mxl-soft-mul -Wl,--no-relax -ffunction-sections -fdata-sections -MMD -MP -MF"src/test.d" -MT"src/test.o" -o "src/test.o" "../src/test.c"
Finished building: ../src/test.c
 
Building target: excellenceTest.elf
Invoking: MicroBlaze gcc linker
mb-gcc -Wl,-T -Wl,../src/lscript.ld -L../../HelloWorld_bsp/microblaze_0/lib -mlittle-endian -mcpu=v11.0 -mxl-soft-mul -Wl,--no-relax -Wl,--gc-sections -o "excellenceTest.elf"  ./src/test.o   -Wl,--start-group,-lxil,-lgcc,-lc,--end-group
Finished building target: excellenceTest.elf
 
Invoking: MicroBlaze Print Size
mb-size excellenceTest.elf  |tee "excellenceTest.elf.size"
   text	   data	    bss	    dec	    hex	filename
   7084	    300	   3128	  10512	   2910	excellenceTest.elf
Finished building: excellenceTest.elf.size
 
15:48:11 **** Auto Build of configuration Debug for project excellenceTest ****
make all 
Building file: ../src/test.c
Invoking: MicroBlaze gcc compiler
mb-gcc -Wall -O0 -g3 -c -fmessage-length=0 -MT"src/test.o" -I../../HelloWorld_bsp/microblaze_0/include -mlittle-endian -mcpu=v11.0 -mxl-soft-mul -Wl,--no-relax -ffunction-sections -fdata-sections -MMD -MP -MF"src/test.d" -MT"src/test.o" -o "src/test.o" "../src/test.c"
Finished building: ../src/test.c
 
Building target: excellenceTest.elf
Invoking: MicroBlaze gcc linker
mb-gcc -Wl,-T -Wl,../src/lscript.ld -L../../HelloWorld_bsp/microblaze_0/lib -mlittle-endian -mcpu=v11.0 -mxl-soft-mul -Wl,--no-relax -Wl,--gc-sections -o "excellenceTest.elf"  ./src/test.o   -Wl,--start-group,-lxil,-lgcc,-lc,--end-group
Finished building target: excellenceTest.elf
 
Invoking: MicroBlaze Print Size
mb-size excellenceTest.elf  |tee "excellenceTest.elf.size"
   text	   data	    bss	    dec	    hex	filename
   7128	    300	   3124	  10552	   2938	excellenceTest.elf
Finished building: excellenceTest.elf.size
 
15:48:33 **** Incremental Build of configuration Debug for project excellenceTest ****
make all 
make: Nothing to be done for 'all'.
15:50:17 **** Auto Build of configuration Debug for project excellenceTest ****
make all 
Building file: ../src/test.c
Invoking: MicroBlaze gcc compiler
mb-gcc -Wall -O0 -g3 -c -fmessage-length=0 -MT"src/test.o" -I../../HelloWorld_bsp/microblaze_0/include -mlittle-endian -mcpu=v11.0 -mxl-soft-mul -Wl,--no-relax -ffunction-sections -fdata-sections -MMD -MP -MF"src/test.d" -MT"src/test.o" -o "src/test.o" "../src/test.c"
Finished building: ../src/test.c
 
Building target: excellenceTest.elf
Invoking: MicroBlaze gcc linker
mb-gcc -Wl,-T -Wl,../src/lscript.ld -L../../HelloWorld_bsp/microblaze_0/lib -mlittle-endian -mcpu=v11.0 -mxl-soft-mul -Wl,--no-relax -Wl,--gc-sections -o "excellenceTest.elf"  ./src/test.o   -Wl,--start-group,-lxil,-lgcc,-lc,--end-group
Finished building target: excellenceTest.elf
 
Invoking: MicroBlaze Print Size
mb-size excellenceTest.elf  |tee "excellenceTest.elf.size"
   text	   data	    bss	    dec	    hex	filename
   7132	    300	   3128	  10560	   2940	excellenceTest.elf
Finished building: excellenceTest.elf.size
 
15:50:23 **** Incremental Build of configuration Debug for project excellenceTest ****
make all 
make: Nothing to be done for 'all'.
15:51:17 **** Auto Build of configuration Debug for project excellenceTest ****
make all 
Building file: ../src/test.c
Invoking: MicroBlaze gcc compiler
mb-gcc -Wall -O0 -g3 -c -fmessage-length=0 -MT"src/test.o" -I../../HelloWorld_bsp/microblaze_0/include -mlittle-endian -mcpu=v11.0 -mxl-soft-mul -Wl,--no-relax -ffunction-sections -fdata-sections -MMD -MP -MF"src/test.d" -MT"src/test.o" -o "src/test.o" "../src/test.c"
Finished building: ../src/test.c
 
Building target: excellenceTest.elf
Invoking: MicroBlaze gcc linker
mb-gcc -Wl,-T -Wl,../src/lscript.ld -L../../HelloWorld_bsp/microblaze_0/lib -mlittle-endian -mcpu=v11.0 -mxl-soft-mul -Wl,--no-relax -Wl,--gc-sections -o "excellenceTest.elf"  ./src/test.o   -Wl,--start-group,-lxil,-lgcc,-lc,--end-group
Finished building target: excellenceTest.elf
 
Invoking: MicroBlaze Print Size
mb-size excellenceTest.elf  |tee "excellenceTest.elf.size"
   text	   data	    bss	    dec	    hex	filename
   7160	    300	   3124	  10584	   2958	excellenceTest.elf
Finished building: excellenceTest.elf.size
 
15:51:24 **** Incremental Build of configuration Debug for project excellenceTest ****
make all 
make: Nothing to be done for 'all'.
15:53:27 **** Auto Build of configuration Debug for project excellenceTest ****
make all 
Building file: ../src/test.c
Invoking: MicroBlaze gcc compiler
mb-gcc -Wall -O0 -g3 -c -fmessage-length=0 -MT"src/test.o" -I../../HelloWorld_bsp/microblaze_0/include -mlittle-endian -mcpu=v11.0 -mxl-soft-mul -Wl,--no-relax -ffunction-sections -fdata-sections -MMD -MP -MF"src/test.d" -MT"src/test.o" -o "src/test.o" "../src/test.c"
Finished building: ../src/test.c
 
Building target: excellenceTest.elf
Invoking: MicroBlaze gcc linker
mb-gcc -Wl,-T -Wl,../src/lscript.ld -L../../HelloWorld_bsp/microblaze_0/lib -mlittle-endian -mcpu=v11.0 -mxl-soft-mul -Wl,--no-relax -Wl,--gc-sections -o "excellenceTest.elf"  ./src/test.o   -Wl,--start-group,-lxil,-lgcc,-lc,--end-group
Finished building target: excellenceTest.elf
 
Invoking: MicroBlaze Print Size
mb-size excellenceTest.elf  |tee "excellenceTest.elf.size"
   text	   data	    bss	    dec	    hex	filename
   7160	    300	   3124	  10584	   2958	excellenceTest.elf
Finished building: excellenceTest.elf.size
 
15:53:32 **** Incremental Build of configuration Debug for project excellenceTest ****
make all 
make: Nothing to be done for 'all'.
15:59:26 **** Auto Build of configuration Debug for project excellenceTest ****
make all 
Building file: ../src/test.c
Invoking: MicroBlaze gcc compiler
mb-gcc -Wall -O0 -g3 -c -fmessage-length=0 -MT"src/test.o" -I../../HelloWorld_bsp/microblaze_0/include -mlittle-endian -mcpu=v11.0 -mxl-soft-mul -Wl,--no-relax -ffunction-sections -fdata-sections -MMD -MP -MF"src/test.d" -MT"src/test.o" -o "src/test.o" "../src/test.c"
../src/test.c: In function 'btn_handler':
../src/test.c:112:9: error: too few arguments to function 'display_seg'
         display_seg();
         ^~~~~~~~~~~
../src/test.c:15:6: note: declared here
 void display_seg(int postion);
      ^~~~~~~~~~~
../src/test.c:124:9: error: too few arguments to function 'display_seg'
         display_seg();
         ^~~~~~~~~~~
../src/test.c:15:6: note: declared here
 void display_seg(int postion);
      ^~~~~~~~~~~
../src/test.c: In function 'display_seg':
../src/test.c:130:1: error: number of arguments doesn't match prototype
 void display_seg() {
 ^~~~
../src/test.c:15:6: error: prototype declaration
 void display_seg(int postion);
      ^~~~~~~~~~~
make: *** [src/subdir.mk:23: src/test.o] Error 1
15:59:41 **** Auto Build of configuration Debug for project excellenceTest ****
make all 
Building file: ../src/test.c
Invoking: MicroBlaze gcc compiler
mb-gcc -Wall -O0 -g3 -c -fmessage-length=0 -MT"src/test.o" -I../../HelloWorld_bsp/microblaze_0/include -mlittle-endian -mcpu=v11.0 -mxl-soft-mul -Wl,--no-relax -ffunction-sections -fdata-sections -MMD -MP -MF"src/test.d" -MT"src/test.o" -o "src/test.o" "../src/test.c"
Finished building: ../src/test.c
 
Building target: excellenceTest.elf
Invoking: MicroBlaze gcc linker
mb-gcc -Wl,-T -Wl,../src/lscript.ld -L../../HelloWorld_bsp/microblaze_0/lib -mlittle-endian -mcpu=v11.0 -mxl-soft-mul -Wl,--no-relax -Wl,--gc-sections -o "excellenceTest.elf"  ./src/test.o   -Wl,--start-group,-lxil,-lgcc,-lc,--end-group
Finished building target: excellenceTest.elf
 
Invoking: MicroBlaze Print Size
mb-size excellenceTest.elf  |tee "excellenceTest.elf.size"
   text	   data	    bss	    dec	    hex	filename
   7340	    300	   3128	  10768	   2a10	excellenceTest.elf
Finished building: excellenceTest.elf.size
 
15:59:50 **** Incremental Build of configuration Debug for project excellenceTest ****
make all 
make: Nothing to be done for 'all'.
16:00:48 **** Incremental Build of configuration Debug for project excellenceTest ****
make all 
make: Nothing to be done for 'all'.
16:01:48 **** Auto Build of configuration Debug for project excellenceTest ****
make all 
Building file: ../src/test.c
Invoking: MicroBlaze gcc compiler
mb-gcc -Wall -O0 -g3 -c -fmessage-length=0 -MT"src/test.o" -I../../HelloWorld_bsp/microblaze_0/include -mlittle-endian -mcpu=v11.0 -mxl-soft-mul -Wl,--no-relax -ffunction-sections -fdata-sections -MMD -MP -MF"src/test.d" -MT"src/test.o" -o "src/test.o" "../src/test.c"
Finished building: ../src/test.c
 
Building target: excellenceTest.elf
Invoking: MicroBlaze gcc linker
mb-gcc -Wl,-T -Wl,../src/lscript.ld -L../../HelloWorld_bsp/microblaze_0/lib -mlittle-endian -mcpu=v11.0 -mxl-soft-mul -Wl,--no-relax -Wl,--gc-sections -o "excellenceTest.elf"  ./src/test.o   -Wl,--start-group,-lxil,-lgcc,-lc,--end-group
Finished building target: excellenceTest.elf
 
Invoking: MicroBlaze Print Size
mb-size excellenceTest.elf  |tee "excellenceTest.elf.size"
   text	   data	    bss	    dec	    hex	filename
   7160	    300	   3124	  10584	   2958	excellenceTest.elf
Finished building: excellenceTest.elf.size
 
16:01:55 **** Incremental Build of configuration Debug for project excellenceTest ****
make all 
make: Nothing to be done for 'all'.
16:03:04 **** Auto Build of configuration Debug for project excellenceTest ****
make all 
Building file: ../src/test.c
Invoking: MicroBlaze gcc compiler
mb-gcc -Wall -O0 -g3 -c -fmessage-length=0 -MT"src/test.o" -I../../HelloWorld_bsp/microblaze_0/include -mlittle-endian -mcpu=v11.0 -mxl-soft-mul -Wl,--no-relax -ffunction-sections -fdata-sections -MMD -MP -MF"src/test.d" -MT"src/test.o" -o "src/test.o" "../src/test.c"
Finished building: ../src/test.c
 
Building target: excellenceTest.elf
Invoking: MicroBlaze gcc linker
mb-gcc -Wl,-T -Wl,../src/lscript.ld -L../../HelloWorld_bsp/microblaze_0/lib -mlittle-endian -mcpu=v11.0 -mxl-soft-mul -Wl,--no-relax -Wl,--gc-sections -o "excellenceTest.elf"  ./src/test.o   -Wl,--start-group,-lxil,-lgcc,-lc,--end-group
Finished building target: excellenceTest.elf
 
Invoking: MicroBlaze Print Size
mb-size excellenceTest.elf  |tee "excellenceTest.elf.size"
   text	   data	    bss	    dec	    hex	filename
   7348	    300	   3128	  10776	   2a18	excellenceTest.elf
Finished building: excellenceTest.elf.size
 
16:03:12 **** Auto Build of configuration Debug for project excellenceTest ****
make all 
Building file: ../src/test.c
Invoking: MicroBlaze gcc compiler
mb-gcc -Wall -O0 -g3 -c -fmessage-length=0 -MT"src/test.o" -I../../HelloWorld_bsp/microblaze_0/include -mlittle-endian -mcpu=v11.0 -mxl-soft-mul -Wl,--no-relax -ffunction-sections -fdata-sections -MMD -MP -MF"src/test.d" -MT"src/test.o" -o "src/test.o" "../src/test.c"
Finished building: ../src/test.c
 
Building target: excellenceTest.elf
Invoking: MicroBlaze gcc linker
mb-gcc -Wl,-T -Wl,../src/lscript.ld -L../../HelloWorld_bsp/microblaze_0/lib -mlittle-endian -mcpu=v11.0 -mxl-soft-mul -Wl,--no-relax -Wl,--gc-sections -o "excellenceTest.elf"  ./src/test.o   -Wl,--start-group,-lxil,-lgcc,-lc,--end-group
Finished building target: excellenceTest.elf
 
Invoking: MicroBlaze Print Size
mb-size excellenceTest.elf  |tee "excellenceTest.elf.size"
   text	   data	    bss	    dec	    hex	filename
   7352	    300	   3124	  10776	   2a18	excellenceTest.elf
Finished building: excellenceTest.elf.size
 
16:03:56 **** Incremental Build of configuration Debug for project excellenceTest ****
make all 
make: Nothing to be done for 'all'.
16:04:16 **** Incremental Build of configuration Debug for project excellenceTest ****
make all 
make: Nothing to be done for 'all'.
16:04:56 **** Auto Build of configuration Debug for project excellenceTest ****
make all 
Building file: ../src/test.c
Invoking: MicroBlaze gcc compiler
mb-gcc -Wall -O0 -g3 -c -fmessage-length=0 -MT"src/test.o" -I../../HelloWorld_bsp/microblaze_0/include -mlittle-endian -mcpu=v11.0 -mxl-soft-mul -Wl,--no-relax -ffunction-sections -fdata-sections -MMD -MP -MF"src/test.d" -MT"src/test.o" -o "src/test.o" "../src/test.c"
Finished building: ../src/test.c
 
Building target: excellenceTest.elf
Invoking: MicroBlaze gcc linker
mb-gcc -Wl,-T -Wl,../src/lscript.ld -L../../HelloWorld_bsp/microblaze_0/lib -mlittle-endian -mcpu=v11.0 -mxl-soft-mul -Wl,--no-relax -Wl,--gc-sections -o "excellenceTest.elf"  ./src/test.o   -Wl,--start-group,-lxil,-lgcc,-lc,--end-group
Finished building target: excellenceTest.elf
 
Invoking: MicroBlaze Print Size
mb-size excellenceTest.elf  |tee "excellenceTest.elf.size"
   text	   data	    bss	    dec	    hex	filename
   7352	    300	   3124	  10776	   2a18	excellenceTest.elf
Finished building: excellenceTest.elf.size
 
16:09:40 **** Auto Build of configuration Debug for project excellenceTest ****
make all 
Building file: ../src/test.c
Invoking: MicroBlaze gcc compiler
mb-gcc -Wall -O0 -g3 -c -fmessage-length=0 -MT"src/test.o" -I../../HelloWorld_bsp/microblaze_0/include -mlittle-endian -mcpu=v11.0 -mxl-soft-mul -Wl,--no-relax -ffunction-sections -fdata-sections -MMD -MP -MF"src/test.d" -MT"src/test.o" -o "src/test.o" "../src/test.c"
../src/test.c: In function 'btn_handler':
../src/test.c:126:9: error: too few arguments to function 'initial_seg'
         initial_seg();
         ^~~~~~~~~~~
../src/test.c:16:6: note: declared here
 void initial_seg(int postion);
      ^~~~~~~~~~~
../src/test.c: In function 'initial_seg':
../src/test.c:138:1: error: number of arguments doesn't match prototype
 void initial_seg() {
 ^~~~
../src/test.c:16:6: error: prototype declaration
 void initial_seg(int postion);
      ^~~~~~~~~~~
../src/test.c:140:60: warning: large integer implicitly truncated to unsigned type [-Woverflow]
     Xil_Out8(XPAR_AXI_GPIO_1_BASEADDR + XGPIO_DATA_OFFSET ,0xff00);
                                                            ^~~~~~
make: *** [src/subdir.mk:23: src/test.o] Error 1
16:09:47 **** Auto Build of configuration Debug for project excellenceTest ****
make all 
Building file: ../src/test.c
Invoking: MicroBlaze gcc compiler
mb-gcc -Wall -O0 -g3 -c -fmessage-length=0 -MT"src/test.o" -I../../HelloWorld_bsp/microblaze_0/include -mlittle-endian -mcpu=v11.0 -mxl-soft-mul -Wl,--no-relax -ffunction-sections -fdata-sections -MMD -MP -MF"src/test.d" -MT"src/test.o" -o "src/test.o" "../src/test.c"
../src/test.c: In function 'initial_seg':
../src/test.c:140:60: warning: large integer implicitly truncated to unsigned type [-Woverflow]
     Xil_Out8(XPAR_AXI_GPIO_1_BASEADDR + XGPIO_DATA_OFFSET ,0xff00);
                                                            ^~~~~~
Finished building: ../src/test.c
 
Building target: excellenceTest.elf
Invoking: MicroBlaze gcc linker
mb-gcc -Wl,-T -Wl,../src/lscript.ld -L../../HelloWorld_bsp/microblaze_0/lib -mlittle-endian -mcpu=v11.0 -mxl-soft-mul -Wl,--no-relax -Wl,--gc-sections -o "excellenceTest.elf"  ./src/test.o   -Wl,--start-group,-lxil,-lgcc,-lc,--end-group
Finished building target: excellenceTest.elf
 
Invoking: MicroBlaze Print Size
mb-size excellenceTest.elf  |tee "excellenceTest.elf.size"
   text	   data	    bss	    dec	    hex	filename
   7332	    300	   3128	  10760	   2a08	excellenceTest.elf
Finished building: excellenceTest.elf.size
 
16:10:00 **** Auto Build of configuration Debug for project excellenceTest ****
make all 
Building file: ../src/test.c
Invoking: MicroBlaze gcc compiler
mb-gcc -Wall -O0 -g3 -c -fmessage-length=0 -MT"src/test.o" -I../../HelloWorld_bsp/microblaze_0/include -mlittle-endian -mcpu=v11.0 -mxl-soft-mul -Wl,--no-relax -ffunction-sections -fdata-sections -MMD -MP -MF"src/test.d" -MT"src/test.o" -o "src/test.o" "../src/test.c"
Finished building: ../src/test.c
 
Building target: excellenceTest.elf
Invoking: MicroBlaze gcc linker
mb-gcc -Wl,-T -Wl,../src/lscript.ld -L../../HelloWorld_bsp/microblaze_0/lib -mlittle-endian -mcpu=v11.0 -mxl-soft-mul -Wl,--no-relax -Wl,--gc-sections -o "excellenceTest.elf"  ./src/test.o   -Wl,--start-group,-lxil,-lgcc,-lc,--end-group
Finished building target: excellenceTest.elf
 
Invoking: MicroBlaze Print Size
mb-size excellenceTest.elf  |tee "excellenceTest.elf.size"
   text	   data	    bss	    dec	    hex	filename
   7332	    300	   3128	  10760	   2a08	excellenceTest.elf
Finished building: excellenceTest.elf.size
 
16:12:32 **** Auto Build of configuration Debug for project excellenceTest ****
make all 
Building file: ../src/test.c
Invoking: MicroBlaze gcc compiler
mb-gcc -Wall -O0 -g3 -c -fmessage-length=0 -MT"src/test.o" -I../../HelloWorld_bsp/microblaze_0/include -mlittle-endian -mcpu=v11.0 -mxl-soft-mul -Wl,--no-relax -ffunction-sections -fdata-sections -MMD -MP -MF"src/test.d" -MT"src/test.o" -o "src/test.o" "../src/test.c"
Finished building: ../src/test.c
 
Building target: excellenceTest.elf
Invoking: MicroBlaze gcc linker
mb-gcc -Wl,-T -Wl,../src/lscript.ld -L../../HelloWorld_bsp/microblaze_0/lib -mlittle-endian -mcpu=v11.0 -mxl-soft-mul -Wl,--no-relax -Wl,--gc-sections -o "excellenceTest.elf"  ./src/test.o   -Wl,--start-group,-lxil,-lgcc,-lc,--end-group
Finished building target: excellenceTest.elf
 
Invoking: MicroBlaze Print Size
mb-size excellenceTest.elf  |tee "excellenceTest.elf.size"
   text	   data	    bss	    dec	    hex	filename
   7332	    300	   3128	  10760	   2a08	excellenceTest.elf
Finished building: excellenceTest.elf.size
 
16:14:32 **** Auto Build of configuration Debug for project excellenceTest ****
make all 
Building file: ../src/test.c
Invoking: MicroBlaze gcc compiler
mb-gcc -Wall -O0 -g3 -c -fmessage-length=0 -MT"src/test.o" -I../../HelloWorld_bsp/microblaze_0/include -mlittle-endian -mcpu=v11.0 -mxl-soft-mul -Wl,--no-relax -ffunction-sections -fdata-sections -MMD -MP -MF"src/test.d" -MT"src/test.o" -o "src/test.o" "../src/test.c"
Finished building: ../src/test.c
 
Building target: excellenceTest.elf
Invoking: MicroBlaze gcc linker
mb-gcc -Wl,-T -Wl,../src/lscript.ld -L../../HelloWorld_bsp/microblaze_0/lib -mlittle-endian -mcpu=v11.0 -mxl-soft-mul -Wl,--no-relax -Wl,--gc-sections -o "excellenceTest.elf"  ./src/test.o   -Wl,--start-group,-lxil,-lgcc,-lc,--end-group
Finished building target: excellenceTest.elf
 
Invoking: MicroBlaze Print Size
mb-size excellenceTest.elf  |tee "excellenceTest.elf.size"
   text	   data	    bss	    dec	    hex	filename
   7332	    300	   3128	  10760	   2a08	excellenceTest.elf
Finished building: excellenceTest.elf.size
 
16:37:54 **** Auto Build of configuration Debug for project SeriesIOControl ****
make all 
Building file: ../src/SeriesIOControl.c
Invoking: MicroBlaze gcc compiler
mb-gcc -Wall -O0 -g3 -c -fmessage-length=0 -MT"src/SeriesIOControl.o" -I../../HelloWorld_bsp/microblaze_0/include -mlittle-endian -mcpu=v11.0 -mxl-soft-mul -Wl,--no-relax -ffunction-sections -fdata-sections -MMD -MP -MF"src/SeriesIOControl.d" -MT"src/SeriesIOControl.o" -o "src/SeriesIOControl.o" "../src/SeriesIOControl.c"
Finished building: ../src/SeriesIOControl.c
 
Building target: SeriesIOControl.elf
Invoking: MicroBlaze gcc linker
mb-gcc -Wl,-T -Wl,../src/lscript.ld -L../../HelloWorld_bsp/microblaze_0/lib -mlittle-endian -mcpu=v11.0 -mxl-soft-mul -Wl,--no-relax -Wl,--gc-sections -o "SeriesIOControl.elf"  ./src/SeriesIOControl.o   -Wl,--start-group,-lxil,-lgcc,-lc,--end-group
Finished building target: SeriesIOControl.elf
 
Invoking: MicroBlaze Print Size
mb-size SeriesIOControl.elf  |tee "SeriesIOControl.elf.size"
   text	   data	    bss	    dec	    hex	filename
   5064	    286	   3122	   8472	   2118	SeriesIOControl.elf
Finished building: SeriesIOControl.elf.size
 

**** Build of configuration Debug for project elec_Monday ****

Nothing to build for project elec_Monday
19:41:25 **** Auto Build of configuration Debug for project elec_Monday ****
make all 
Building file: ../src/elec_monday.c
Invoking: MicroBlaze gcc compiler
mb-gcc -Wall -O0 -g3 -c -fmessage-length=0 -MT"src/elec_monday.o" -I../../HelloWorld_bsp/microblaze_0/include -mlittle-endian -mcpu=v11.0 -mxl-soft-mul -Wl,--no-relax -ffunction-sections -fdata-sections -MMD -MP -MF"src/elec_monday.d" -MT"src/elec_monday.o" -o "src/elec_monday.o" "../src/elec_monday.c"
Finished building: ../src/elec_monday.c
 
Building target: elec_Monday.elf
Invoking: MicroBlaze gcc linker
mb-gcc -Wl,-T -Wl,../src/lscript.ld -L../../HelloWorld_bsp/microblaze_0/lib -mlittle-endian -mcpu=v11.0 -mxl-soft-mul -Wl,--no-relax -Wl,--gc-sections -o "elec_Monday.elf"  ./src/elec_monday.o   -Wl,--start-group,-lxil,-lgcc,-lc,--end-group
d:/vivado_2018_03/sdk/2018.3/gnu/microblaze/nt/bin/../lib/gcc/microblaze-xilinx-elf/7.3.1/../../../../microblaze-xilinx-elf/lib/le/crtinit.o: In function `_crtinit':
(.text+0x78): undefined reference to `main'
collect2.exe: error: ld returned 1 exit status
make: *** [makefile:38: elec_Monday.elf] Error 1
19:41:31 **** Auto Build of configuration Debug for project elec_Monday ****
make all 
Building target: elec_Monday.elf
Invoking: MicroBlaze gcc linker
mb-gcc -Wl,-T -Wl,../src/lscript.ld -L../../HelloWorld_bsp/microblaze_0/lib -mlittle-endian -mcpu=v11.0 -mxl-soft-mul -Wl,--no-relax -Wl,--gc-sections -o "elec_Monday.elf"  ./src/elec_monday.o   -Wl,--start-group,-lxil,-lgcc,-lc,--end-group
d:/vivado_2018_03/sdk/2018.3/gnu/microblaze/nt/bin/../lib/gcc/microblaze-xilinx-elf/7.3.1/../../../../microblaze-xilinx-elf/lib/le/crtinit.o: In function `_crtinit':
(.text+0x78): undefined reference to `main'
collect2.exe: error: ld returned 1 exit status
make: *** [makefile:38: elec_Monday.elf] Error 1
19:41:43 **** Auto Build of configuration Debug for project elec_Monday ****
make all 
Building file: ../src/elec_monday.c
Invoking: MicroBlaze gcc compiler
mb-gcc -Wall -O0 -g3 -c -fmessage-length=0 -MT"src/elec_monday.o" -I../../HelloWorld_bsp/microblaze_0/include -mlittle-endian -mcpu=v11.0 -mxl-soft-mul -Wl,--no-relax -ffunction-sections -fdata-sections -MMD -MP -MF"src/elec_monday.d" -MT"src/elec_monday.o" -o "src/elec_monday.o" "../src/elec_monday.c"
Finished building: ../src/elec_monday.c
 
Building target: elec_Monday.elf
Invoking: MicroBlaze gcc linker
mb-gcc -Wl,-T -Wl,../src/lscript.ld -L../../HelloWorld_bsp/microblaze_0/lib -mlittle-endian -mcpu=v11.0 -mxl-soft-mul -Wl,--no-relax -Wl,--gc-sections -o "elec_Monday.elf"  ./src/elec_monday.o   -Wl,--start-group,-lxil,-lgcc,-lc,--end-group
d:/vivado_2018_03/sdk/2018.3/gnu/microblaze/nt/bin/../lib/gcc/microblaze-xilinx-elf/7.3.1/../../../../microblaze-xilinx-elf/lib/le/crtinit.o: In function `_crtinit':
(.text+0x78): undefined reference to `main'
collect2.exe: error: ld returned 1 exit status
make: *** [makefile:38: elec_Monday.elf] Error 1
19:42:10 **** Auto Build of configuration Debug for project elec_Monday ****
make all 
Building file: ../src/elec_monday.c
Invoking: MicroBlaze gcc compiler
mb-gcc -Wall -O0 -g3 -c -fmessage-length=0 -MT"src/elec_monday.o" -I../../HelloWorld_bsp/microblaze_0/include -mlittle-endian -mcpu=v11.0 -mxl-soft-mul -Wl,--no-relax -ffunction-sections -fdata-sections -MMD -MP -MF"src/elec_monday.d" -MT"src/elec_monday.o" -o "src/elec_monday.o" "../src/elec_monday.c"
Finished building: ../src/elec_monday.c
 
Building target: elec_Monday.elf
Invoking: MicroBlaze gcc linker
mb-gcc -Wl,-T -Wl,../src/lscript.ld -L../../HelloWorld_bsp/microblaze_0/lib -mlittle-endian -mcpu=v11.0 -mxl-soft-mul -Wl,--no-relax -Wl,--gc-sections -o "elec_Monday.elf"  ./src/elec_monday.o   -Wl,--start-group,-lxil,-lgcc,-lc,--end-group
./src/elec_monday.o: In function `My_ISR':
D:\vivado_project\Mini_IO\Mini_IO.sdk\elec_Monday\Debug/../src/elec_monday.c:86: undefined reference to `btn_handler'
collect2.exe: error: ld returned 1 exit status
make: *** [makefile:38: elec_Monday.elf] Error 1
19:42:47 **** Auto Build of configuration Debug for project elec_Monday ****
make all 
Building file: ../src/elec_monday.c
Invoking: MicroBlaze gcc compiler
mb-gcc -Wall -O0 -g3 -c -fmessage-length=0 -MT"src/elec_monday.o" -I../../HelloWorld_bsp/microblaze_0/include -mlittle-endian -mcpu=v11.0 -mxl-soft-mul -Wl,--no-relax -ffunction-sections -fdata-sections -MMD -MP -MF"src/elec_monday.d" -MT"src/elec_monday.o" -o "src/elec_monday.o" "../src/elec_monday.c"
Finished building: ../src/elec_monday.c
 
Building target: elec_Monday.elf
Invoking: MicroBlaze gcc linker
mb-gcc -Wl,-T -Wl,../src/lscript.ld -L../../HelloWorld_bsp/microblaze_0/lib -mlittle-endian -mcpu=v11.0 -mxl-soft-mul -Wl,--no-relax -Wl,--gc-sections -o "elec_Monday.elf"  ./src/elec_monday.o   -Wl,--start-group,-lxil,-lgcc,-lc,--end-group
Finished building target: elec_Monday.elf
 
Invoking: MicroBlaze Print Size
mb-size elec_Monday.elf  |tee "elec_Monday.elf.size"
   text	   data	    bss	    dec	    hex	filename
   2924	    260	   3112	   6296	   1898	elec_Monday.elf
Finished building: elec_Monday.elf.size
 
19:43:02 **** Auto Build of configuration Debug for project elec_Monday ****
make all 
Building file: ../src/elec_monday.c
Invoking: MicroBlaze gcc compiler
mb-gcc -Wall -O0 -g3 -c -fmessage-length=0 -MT"src/elec_monday.o" -I../../HelloWorld_bsp/microblaze_0/include -mlittle-endian -mcpu=v11.0 -mxl-soft-mul -Wl,--no-relax -ffunction-sections -fdata-sections -MMD -MP -MF"src/elec_monday.d" -MT"src/elec_monday.o" -o "src/elec_monday.o" "../src/elec_monday.c"
Finished building: ../src/elec_monday.c
 
Building target: elec_Monday.elf
Invoking: MicroBlaze gcc linker
mb-gcc -Wl,-T -Wl,../src/lscript.ld -L../../HelloWorld_bsp/microblaze_0/lib -mlittle-endian -mcpu=v11.0 -mxl-soft-mul -Wl,--no-relax -Wl,--gc-sections -o "elec_Monday.elf"  ./src/elec_monday.o   -Wl,--start-group,-lxil,-lgcc,-lc,--end-group
Finished building target: elec_Monday.elf
 
Invoking: MicroBlaze Print Size
mb-size elec_Monday.elf  |tee "elec_Monday.elf.size"
   text	   data	    bss	    dec	    hex	filename
   2924	    260	   3112	   6296	   1898	elec_Monday.elf
Finished building: elec_Monday.elf.size
 
19:43:20 **** Auto Build of configuration Debug for project elec_Monday ****
make all 
Building file: ../src/elec_monday.c
Invoking: MicroBlaze gcc compiler
mb-gcc -Wall -O0 -g3 -c -fmessage-length=0 -MT"src/elec_monday.o" -I../../HelloWorld_bsp/microblaze_0/include -mlittle-endian -mcpu=v11.0 -mxl-soft-mul -Wl,--no-relax -ffunction-sections -fdata-sections -MMD -MP -MF"src/elec_monday.d" -MT"src/elec_monday.o" -o "src/elec_monday.o" "../src/elec_monday.c"
Finished building: ../src/elec_monday.c
 
Building target: elec_Monday.elf
Invoking: MicroBlaze gcc linker
mb-gcc -Wl,-T -Wl,../src/lscript.ld -L../../HelloWorld_bsp/microblaze_0/lib -mlittle-endian -mcpu=v11.0 -mxl-soft-mul -Wl,--no-relax -Wl,--gc-sections -o "elec_Monday.elf"  ./src/elec_monday.o   -Wl,--start-group,-lxil,-lgcc,-lc,--end-group
Finished building target: elec_Monday.elf
 
Invoking: MicroBlaze Print Size
mb-size elec_Monday.elf  |tee "elec_Monday.elf.size"
   text	   data	    bss	    dec	    hex	filename
   2924	    260	   3112	   6296	   1898	elec_Monday.elf
Finished building: elec_Monday.elf.size
 
19:54:29 **** Auto Build of configuration Debug for project elec_Monday ****
make all 
Building file: ../src/elec_monday.c
Invoking: MicroBlaze gcc compiler
mb-gcc -Wall -O0 -g3 -c -fmessage-length=0 -MT"src/elec_monday.o" -I../../HelloWorld_bsp/microblaze_0/include -mlittle-endian -mcpu=v11.0 -mxl-soft-mul -Wl,--no-relax -ffunction-sections -fdata-sections -MMD -MP -MF"src/elec_monday.d" -MT"src/elec_monday.o" -o "src/elec_monday.o" "../src/elec_monday.c"
../src/elec_monday.c: In function 'btn_handler':
../src/elec_monday.c:108:9: error: a label can only be part of a statement and a declaration is not a statement
         unsigned short num = Xil_In16(XPAR_AXI_GPIO_0_BASEADDR+XGPIO_DATA_OFFSET);
         ^~~~~~~~
make: *** [src/subdir.mk:23: src/elec_monday.o] Error 1
19:55:09 **** Auto Build of configuration Debug for project elec_Monday ****
make all 
Building file: ../src/elec_monday.c
Invoking: MicroBlaze gcc compiler
mb-gcc -Wall -O0 -g3 -c -fmessage-length=0 -MT"src/elec_monday.o" -I../../HelloWorld_bsp/microblaze_0/include -mlittle-endian -mcpu=v11.0 -mxl-soft-mul -Wl,--no-relax -ffunction-sections -fdata-sections -MMD -MP -MF"src/elec_monday.d" -MT"src/elec_monday.o" -o "src/elec_monday.o" "../src/elec_monday.c"
../src/elec_monday.c: In function 'btn_handler':
../src/elec_monday.c:107:9: error: a label can only be part of a statement and a declaration is not a statement
         unsigned short num = Xil_In16(XPAR_AXI_GPIO_0_BASEADDR+XGPIO_DATA_OFFSET);
         ^~~~~~~~
make: *** [src/subdir.mk:23: src/elec_monday.o] Error 1
19:55:51 **** Auto Build of configuration Debug for project elec_Monday ****
make all 
Building file: ../src/elec_monday.c
Invoking: MicroBlaze gcc compiler
mb-gcc -Wall -O0 -g3 -c -fmessage-length=0 -MT"src/elec_monday.o" -I../../HelloWorld_bsp/microblaze_0/include -mlittle-endian -mcpu=v11.0 -mxl-soft-mul -Wl,--no-relax -ffunction-sections -fdata-sections -MMD -MP -MF"src/elec_monday.d" -MT"src/elec_monday.o" -o "src/elec_monday.o" "../src/elec_monday.c"
../src/elec_monday.c: In function 'btn_handler':
../src/elec_monday.c:107:9: error: a label can only be part of a statement and a declaration is not a statement
         unsigned short num = Xil_In8(XPAR_AXI_GPIO_0_BASEADDR+XGPIO_DATA_OFFSET);
         ^~~~~~~~
make: *** [src/subdir.mk:23: src/elec_monday.o] Error 1
19:56:54 **** Auto Build of configuration Debug for project elec_Monday ****
make all 
Building file: ../src/elec_monday.c
Invoking: MicroBlaze gcc compiler
mb-gcc -Wall -O0 -g3 -c -fmessage-length=0 -MT"src/elec_monday.o" -I../../HelloWorld_bsp/microblaze_0/include -mlittle-endian -mcpu=v11.0 -mxl-soft-mul -Wl,--no-relax -ffunction-sections -fdata-sections -MMD -MP -MF"src/elec_monday.d" -MT"src/elec_monday.o" -o "src/elec_monday.o" "../src/elec_monday.c"
../src/elec_monday.c: In function 'btn_handler':
../src/elec_monday.c:107:9: error: a label can only be part of a statement and a declaration is not a statement
         unsigned short num;
         ^~~~~~~~
make: *** [src/subdir.mk:23: src/elec_monday.o] Error 1
19:57:06 **** Auto Build of configuration Debug for project elec_Monday ****
make all 
Building file: ../src/elec_monday.c
Invoking: MicroBlaze gcc compiler
mb-gcc -Wall -O0 -g3 -c -fmessage-length=0 -MT"src/elec_monday.o" -I../../HelloWorld_bsp/microblaze_0/include -mlittle-endian -mcpu=v11.0 -mxl-soft-mul -Wl,--no-relax -ffunction-sections -fdata-sections -MMD -MP -MF"src/elec_monday.d" -MT"src/elec_monday.o" -o "src/elec_monday.o" "../src/elec_monday.c"
Finished building: ../src/elec_monday.c
 
Building target: elec_Monday.elf
Invoking: MicroBlaze gcc linker
mb-gcc -Wl,-T -Wl,../src/lscript.ld -L../../HelloWorld_bsp/microblaze_0/lib -mlittle-endian -mcpu=v11.0 -mxl-soft-mul -Wl,--no-relax -Wl,--gc-sections -o "elec_Monday.elf"  ./src/elec_monday.o   -Wl,--start-group,-lxil,-lgcc,-lc,--end-group
Finished building target: elec_Monday.elf
 
Invoking: MicroBlaze Print Size
mb-size elec_Monday.elf  |tee "elec_Monday.elf.size"
   text	   data	    bss	    dec	    hex	filename
   7184	    300	   3124	  10608	   2970	elec_Monday.elf
Finished building: elec_Monday.elf.size
 
19:58:07 **** Incremental Build of configuration Debug for project elec_Monday ****
make all 
make: Nothing to be done for 'all'.
19:58:29 **** Incremental Build of configuration Debug for project elec_Monday ****
make all 
make: Nothing to be done for 'all'.
20:00:43 **** Auto Build of configuration Debug for project elec_Monday ****
make all 
Building file: ../src/elec_monday.c
Invoking: MicroBlaze gcc compiler
mb-gcc -Wall -O0 -g3 -c -fmessage-length=0 -MT"src/elec_monday.o" -I../../HelloWorld_bsp/microblaze_0/include -mlittle-endian -mcpu=v11.0 -mxl-soft-mul -Wl,--no-relax -ffunction-sections -fdata-sections -MMD -MP -MF"src/elec_monday.d" -MT"src/elec_monday.o" -o "src/elec_monday.o" "../src/elec_monday.c"
../src/elec_monday.c: In function 'display_seg':
../src/elec_monday.c:126:30: warning: statement with no effect [-Wunused-value]
     (pos == 0xfffe) ? 0xfffd : 0xfffe;
     ~~~~~~~~~~~~~~~~~~~~~~~~~^~~~~~~~
Finished building: ../src/elec_monday.c
 
Building target: elec_Monday.elf
Invoking: MicroBlaze gcc linker
mb-gcc -Wl,-T -Wl,../src/lscript.ld -L../../HelloWorld_bsp/microblaze_0/lib -mlittle-endian -mcpu=v11.0 -mxl-soft-mul -Wl,--no-relax -Wl,--gc-sections -o "elec_Monday.elf"  ./src/elec_monday.o   -Wl,--start-group,-lxil,-lgcc,-lc,--end-group
Finished building target: elec_Monday.elf
 
Invoking: MicroBlaze Print Size
mb-size elec_Monday.elf  |tee "elec_Monday.elf.size"
   text	   data	    bss	    dec	    hex	filename
   7172	    300	   3128	  10600	   2968	elec_Monday.elf
Finished building: elec_Monday.elf.size
 
20:00:47 **** Incremental Build of configuration Debug for project elec_Monday ****
make all 
make: Nothing to be done for 'all'.
20:03:25 **** Auto Build of configuration Debug for project elec_Monday ****
make all 
Building file: ../src/elec_monday.c
Invoking: MicroBlaze gcc compiler
mb-gcc -Wall -O0 -g3 -c -fmessage-length=0 -MT"src/elec_monday.o" -I../../HelloWorld_bsp/microblaze_0/include -mlittle-endian -mcpu=v11.0 -mxl-soft-mul -Wl,--no-relax -ffunction-sections -fdata-sections -MMD -MP -MF"src/elec_monday.d" -MT"src/elec_monday.o" -o "src/elec_monday.o" "../src/elec_monday.c"
../src/elec_monday.c: In function 'display_seg':
../src/elec_monday.c:132:30: warning: statement with no effect [-Wunused-value]
     (pos == 0xfffe) ? 0xfffd : 0xfffe;
     ~~~~~~~~~~~~~~~~~~~~~~~~~^~~~~~~~
Finished building: ../src/elec_monday.c
 
Building target: elec_Monday.elf
Invoking: MicroBlaze gcc linker
mb-gcc -Wl,-T -Wl,../src/lscript.ld -L../../HelloWorld_bsp/microblaze_0/lib -mlittle-endian -mcpu=v11.0 -mxl-soft-mul -Wl,--no-relax -Wl,--gc-sections -o "elec_Monday.elf"  ./src/elec_monday.o   -Wl,--start-group,-lxil,-lgcc,-lc,--end-group
Finished building target: elec_Monday.elf
 
Invoking: MicroBlaze Print Size
mb-size elec_Monday.elf  |tee "elec_Monday.elf.size"
   text	   data	    bss	    dec	    hex	filename
   7240	    300	   3124	  10664	   29a8	elec_Monday.elf
Finished building: elec_Monday.elf.size
 
20:03:29 **** Incremental Build of configuration Debug for project elec_Monday ****
make all 
make: Nothing to be done for 'all'.
20:04:35 **** Auto Build of configuration Debug for project elec_Monday ****
make all 
Building file: ../src/elec_monday.c
Invoking: MicroBlaze gcc compiler
mb-gcc -Wall -O0 -g3 -c -fmessage-length=0 -MT"src/elec_monday.o" -I../../HelloWorld_bsp/microblaze_0/include -mlittle-endian -mcpu=v11.0 -mxl-soft-mul -Wl,--no-relax -ffunction-sections -fdata-sections -MMD -MP -MF"src/elec_monday.d" -MT"src/elec_monday.o" -o "src/elec_monday.o" "../src/elec_monday.c"
../src/elec_monday.c: In function 'display_seg':
../src/elec_monday.c:133:30: warning: statement with no effect [-Wunused-value]
     (pos == 0xfffe) ? 0xfffd : 0xfffe;
     ~~~~~~~~~~~~~~~~~~~~~~~~~^~~~~~~~
Finished building: ../src/elec_monday.c
 
Building target: elec_Monday.elf
Invoking: MicroBlaze gcc linker
mb-gcc -Wl,-T -Wl,../src/lscript.ld -L../../HelloWorld_bsp/microblaze_0/lib -mlittle-endian -mcpu=v11.0 -mxl-soft-mul -Wl,--no-relax -Wl,--gc-sections -o "elec_Monday.elf"  ./src/elec_monday.o   -Wl,--start-group,-lxil,-lgcc,-lc,--end-group
Finished building target: elec_Monday.elf
 
Invoking: MicroBlaze Print Size
mb-size elec_Monday.elf  |tee "elec_Monday.elf.size"
   text	   data	    bss	    dec	    hex	filename
   7288	    300	   3124	  10712	   29d8	elec_Monday.elf
Finished building: elec_Monday.elf.size
 
20:04:43 **** Incremental Build of configuration Debug for project elec_Monday ****
make all 
make: Nothing to be done for 'all'.
20:05:26 **** Auto Build of configuration Debug for project elec_Monday ****
make all 
Building file: ../src/elec_monday.c
Invoking: MicroBlaze gcc compiler
mb-gcc -Wall -O0 -g3 -c -fmessage-length=0 -MT"src/elec_monday.o" -I../../HelloWorld_bsp/microblaze_0/include -mlittle-endian -mcpu=v11.0 -mxl-soft-mul -Wl,--no-relax -ffunction-sections -fdata-sections -MMD -MP -MF"src/elec_monday.d" -MT"src/elec_monday.o" -o "src/elec_monday.o" "../src/elec_monday.c"
../src/elec_monday.c: In function 'display_seg':
../src/elec_monday.c:132:30: warning: statement with no effect [-Wunused-value]
     (pos == 0xfffe) ? 0xfffd : 0xfffe;
     ~~~~~~~~~~~~~~~~~~~~~~~~~^~~~~~~~
Finished building: ../src/elec_monday.c
 
Building target: elec_Monday.elf
Invoking: MicroBlaze gcc linker
mb-gcc -Wl,-T -Wl,../src/lscript.ld -L../../HelloWorld_bsp/microblaze_0/lib -mlittle-endian -mcpu=v11.0 -mxl-soft-mul -Wl,--no-relax -Wl,--gc-sections -o "elec_Monday.elf"  ./src/elec_monday.o   -Wl,--start-group,-lxil,-lgcc,-lc,--end-group
Finished building target: elec_Monday.elf
 
Invoking: MicroBlaze Print Size
mb-size elec_Monday.elf  |tee "elec_Monday.elf.size"
   text	   data	    bss	    dec	    hex	filename
   7288	    300	   3124	  10712	   29d8	elec_Monday.elf
Finished building: elec_Monday.elf.size
 
20:06:07 **** Auto Build of configuration Debug for project elec_Monday ****
make all 
Building file: ../src/elec_monday.c
Invoking: MicroBlaze gcc compiler
mb-gcc -Wall -O0 -g3 -c -fmessage-length=0 -MT"src/elec_monday.o" -I../../HelloWorld_bsp/microblaze_0/include -mlittle-endian -mcpu=v11.0 -mxl-soft-mul -Wl,--no-relax -ffunction-sections -fdata-sections -MMD -MP -MF"src/elec_monday.d" -MT"src/elec_monday.o" -o "src/elec_monday.o" "../src/elec_monday.c"
../src/elec_monday.c: In function 'display_seg':
../src/elec_monday.c:135:30: warning: statement with no effect [-Wunused-value]
     (pos == 0xfffe) ? 0xfffd : 0xfffe;
     ~~~~~~~~~~~~~~~~~~~~~~~~~^~~~~~~~
Finished building: ../src/elec_monday.c
 
Building target: elec_Monday.elf
Invoking: MicroBlaze gcc linker
mb-gcc -Wl,-T -Wl,../src/lscript.ld -L../../HelloWorld_bsp/microblaze_0/lib -mlittle-endian -mcpu=v11.0 -mxl-soft-mul -Wl,--no-relax -Wl,--gc-sections -o "elec_Monday.elf"  ./src/elec_monday.o   -Wl,--start-group,-lxil,-lgcc,-lc,--end-group
Finished building target: elec_Monday.elf
 
Invoking: MicroBlaze Print Size
mb-size elec_Monday.elf  |tee "elec_Monday.elf.size"
   text	   data	    bss	    dec	    hex	filename
   7340	    300	   3128	  10768	   2a10	elec_Monday.elf
Finished building: elec_Monday.elf.size
 
20:06:21 **** Auto Build of configuration Debug for project elec_Monday ****
make all 
Building file: ../src/elec_monday.c
Invoking: MicroBlaze gcc compiler
mb-gcc -Wall -O0 -g3 -c -fmessage-length=0 -MT"src/elec_monday.o" -I../../HelloWorld_bsp/microblaze_0/include -mlittle-endian -mcpu=v11.0 -mxl-soft-mul -Wl,--no-relax -ffunction-sections -fdata-sections -MMD -MP -MF"src/elec_monday.d" -MT"src/elec_monday.o" -o "src/elec_monday.o" "../src/elec_monday.c"
Finished building: ../src/elec_monday.c
 
Building target: elec_Monday.elf
Invoking: MicroBlaze gcc linker
mb-gcc -Wl,-T -Wl,../src/lscript.ld -L../../HelloWorld_bsp/microblaze_0/lib -mlittle-endian -mcpu=v11.0 -mxl-soft-mul -Wl,--no-relax -Wl,--gc-sections -o "elec_Monday.elf"  ./src/elec_monday.o   -Wl,--start-group,-lxil,-lgcc,-lc,--end-group
Finished building target: elec_Monday.elf
 
Invoking: MicroBlaze Print Size
mb-size elec_Monday.elf  |tee "elec_Monday.elf.size"
   text	   data	    bss	    dec	    hex	filename
   7340	    300	   3128	  10768	   2a10	elec_Monday.elf
Finished building: elec_Monday.elf.size
 
20:06:25 **** Incremental Build of configuration Debug for project elec_Monday ****
make all 
make: Nothing to be done for 'all'.
20:07:10 **** Auto Build of configuration Debug for project elec_Monday ****
make all 
Building file: ../src/elec_monday.c
Invoking: MicroBlaze gcc compiler
mb-gcc -Wall -O0 -g3 -c -fmessage-length=0 -MT"src/elec_monday.o" -I../../HelloWorld_bsp/microblaze_0/include -mlittle-endian -mcpu=v11.0 -mxl-soft-mul -Wl,--no-relax -ffunction-sections -fdata-sections -MMD -MP -MF"src/elec_monday.d" -MT"src/elec_monday.o" -o "src/elec_monday.o" "../src/elec_monday.c"
Finished building: ../src/elec_monday.c
 
Building target: elec_Monday.elf
Invoking: MicroBlaze gcc linker
mb-gcc -Wl,-T -Wl,../src/lscript.ld -L../../HelloWorld_bsp/microblaze_0/lib -mlittle-endian -mcpu=v11.0 -mxl-soft-mul -Wl,--no-relax -Wl,--gc-sections -o "elec_Monday.elf"  ./src/elec_monday.o   -Wl,--start-group,-lxil,-lgcc,-lc,--end-group
Finished building target: elec_Monday.elf
 
Invoking: MicroBlaze Print Size
mb-size elec_Monday.elf  |tee "elec_Monday.elf.size"
   text	   data	    bss	    dec	    hex	filename
   7340	    300	   3128	  10768	   2a10	elec_Monday.elf
Finished building: elec_Monday.elf.size
 
20:09:17 **** Auto Build of configuration Debug for project elec_Monday ****
make all 
Building file: ../src/elec_monday.c
Invoking: MicroBlaze gcc compiler
mb-gcc -Wall -O0 -g3 -c -fmessage-length=0 -MT"src/elec_monday.o" -I../../HelloWorld_bsp/microblaze_0/include -mlittle-endian -mcpu=v11.0 -mxl-soft-mul -Wl,--no-relax -ffunction-sections -fdata-sections -MMD -MP -MF"src/elec_monday.d" -MT"src/elec_monday.o" -o "src/elec_monday.o" "../src/elec_monday.c"
Finished building: ../src/elec_monday.c
 
Building target: elec_Monday.elf
Invoking: MicroBlaze gcc linker
mb-gcc -Wl,-T -Wl,../src/lscript.ld -L../../HelloWorld_bsp/microblaze_0/lib -mlittle-endian -mcpu=v11.0 -mxl-soft-mul -Wl,--no-relax -Wl,--gc-sections -o "elec_Monday.elf"  ./src/elec_monday.o   -Wl,--start-group,-lxil,-lgcc,-lc,--end-group
Finished building target: elec_Monday.elf
 
Invoking: MicroBlaze Print Size
mb-size elec_Monday.elf  |tee "elec_Monday.elf.size"
   text	   data	    bss	    dec	    hex	filename
   7340	    300	   3128	  10768	   2a10	elec_Monday.elf
Finished building: elec_Monday.elf.size
 
20:13:53 **** Auto Build of configuration Debug for project elec_Monday ****
make all 
Building file: ../src/elec_monday.c
Invoking: MicroBlaze gcc compiler
mb-gcc -Wall -O0 -g3 -c -fmessage-length=0 -MT"src/elec_monday.o" -I../../HelloWorld_bsp/microblaze_0/include -mlittle-endian -mcpu=v11.0 -mxl-soft-mul -Wl,--no-relax -ffunction-sections -fdata-sections -MMD -MP -MF"src/elec_monday.d" -MT"src/elec_monday.o" -o "src/elec_monday.o" "../src/elec_monday.c"
Finished building: ../src/elec_monday.c
 
Building target: elec_Monday.elf
Invoking: MicroBlaze gcc linker
mb-gcc -Wl,-T -Wl,../src/lscript.ld -L../../HelloWorld_bsp/microblaze_0/lib -mlittle-endian -mcpu=v11.0 -mxl-soft-mul -Wl,--no-relax -Wl,--gc-sections -o "elec_Monday.elf"  ./src/elec_monday.o   -Wl,--start-group,-lxil,-lgcc,-lc,--end-group
Finished building target: elec_Monday.elf
 
Invoking: MicroBlaze Print Size
mb-size elec_Monday.elf  |tee "elec_Monday.elf.size"
   text	   data	    bss	    dec	    hex	filename
   7464	    300	   3124	  10888	   2a88	elec_Monday.elf
Finished building: elec_Monday.elf.size
 
20:16:32 **** Auto Build of configuration Debug for project elec_Monday ****
make all 
Building file: ../src/elec_monday.c
Invoking: MicroBlaze gcc compiler
mb-gcc -Wall -O0 -g3 -c -fmessage-length=0 -MT"src/elec_monday.o" -I../../HelloWorld_bsp/microblaze_0/include -mlittle-endian -mcpu=v11.0 -mxl-soft-mul -Wl,--no-relax -ffunction-sections -fdata-sections -MMD -MP -MF"src/elec_monday.d" -MT"src/elec_monday.o" -o "src/elec_monday.o" "../src/elec_monday.c"
Finished building: ../src/elec_monday.c
 
Building target: elec_Monday.elf
Invoking: MicroBlaze gcc linker
mb-gcc -Wl,-T -Wl,../src/lscript.ld -L../../HelloWorld_bsp/microblaze_0/lib -mlittle-endian -mcpu=v11.0 -mxl-soft-mul -Wl,--no-relax -Wl,--gc-sections -o "elec_Monday.elf"  ./src/elec_monday.o   -Wl,--start-group,-lxil,-lgcc,-lc,--end-group
Finished building target: elec_Monday.elf
 
Invoking: MicroBlaze Print Size
mb-size elec_Monday.elf  |tee "elec_Monday.elf.size"
   text	   data	    bss	    dec	    hex	filename
   7516	    300	   3128	  10944	   2ac0	elec_Monday.elf
Finished building: elec_Monday.elf.size
 
20:16:44 **** Incremental Build of configuration Debug for project elec_Monday ****
make all 
make: Nothing to be done for 'all'.
20:19:32 **** Auto Build of configuration Debug for project elec_Monday ****
make all 
Building file: ../src/elec_monday.c
Invoking: MicroBlaze gcc compiler
mb-gcc -Wall -O0 -g3 -c -fmessage-length=0 -MT"src/elec_monday.o" -I../../HelloWorld_bsp/microblaze_0/include -mlittle-endian -mcpu=v11.0 -mxl-soft-mul -Wl,--no-relax -ffunction-sections -fdata-sections -MMD -MP -MF"src/elec_monday.d" -MT"src/elec_monday.o" -o "src/elec_monday.o" "../src/elec_monday.c"
Finished building: ../src/elec_monday.c
 
Building target: elec_Monday.elf
Invoking: MicroBlaze gcc linker
mb-gcc -Wl,-T -Wl,../src/lscript.ld -L../../HelloWorld_bsp/microblaze_0/lib -mlittle-endian -mcpu=v11.0 -mxl-soft-mul -Wl,--no-relax -Wl,--gc-sections -o "elec_Monday.elf"  ./src/elec_monday.o   -Wl,--start-group,-lxil,-lgcc,-lc,--end-group
Finished building target: elec_Monday.elf
 
Invoking: MicroBlaze Print Size
mb-size elec_Monday.elf  |tee "elec_Monday.elf.size"
   text	   data	    bss	    dec	    hex	filename
   7352	    300	   3132	  10784	   2a20	elec_Monday.elf
Finished building: elec_Monday.elf.size
 
20:20:52 **** Auto Build of configuration Debug for project elec_Monday ****
make all 
Building file: ../src/elec_monday.c
Invoking: MicroBlaze gcc compiler
mb-gcc -Wall -O0 -g3 -c -fmessage-length=0 -MT"src/elec_monday.o" -I../../HelloWorld_bsp/microblaze_0/include -mlittle-endian -mcpu=v11.0 -mxl-soft-mul -Wl,--no-relax -ffunction-sections -fdata-sections -MMD -MP -MF"src/elec_monday.d" -MT"src/elec_monday.o" -o "src/elec_monday.o" "../src/elec_monday.c"
Finished building: ../src/elec_monday.c
 
Building target: elec_Monday.elf
Invoking: MicroBlaze gcc linker
mb-gcc -Wl,-T -Wl,../src/lscript.ld -L../../HelloWorld_bsp/microblaze_0/lib -mlittle-endian -mcpu=v11.0 -mxl-soft-mul -Wl,--no-relax -Wl,--gc-sections -o "elec_Monday.elf"  ./src/elec_monday.o   -Wl,--start-group,-lxil,-lgcc,-lc,--end-group
Finished building target: elec_Monday.elf
 
Invoking: MicroBlaze Print Size
mb-size elec_Monday.elf  |tee "elec_Monday.elf.size"
   text	   data	    bss	    dec	    hex	filename
   7556	    300	   3136	  10992	   2af0	elec_Monday.elf
Finished building: elec_Monday.elf.size
 
20:20:59 **** Incremental Build of configuration Debug for project elec_Monday ****
make all 
make: Nothing to be done for 'all'.
20:21:23 **** Auto Build of configuration Debug for project elec_Monday ****
make all 
Building file: ../src/elec_monday.c
Invoking: MicroBlaze gcc compiler
mb-gcc -Wall -O0 -g3 -c -fmessage-length=0 -MT"src/elec_monday.o" -I../../HelloWorld_bsp/microblaze_0/include -mlittle-endian -mcpu=v11.0 -mxl-soft-mul -Wl,--no-relax -ffunction-sections -fdata-sections -MMD -MP -MF"src/elec_monday.d" -MT"src/elec_monday.o" -o "src/elec_monday.o" "../src/elec_monday.c"
Finished building: ../src/elec_monday.c
 
Building target: elec_Monday.elf
Invoking: MicroBlaze gcc linker
mb-gcc -Wl,-T -Wl,../src/lscript.ld -L../../HelloWorld_bsp/microblaze_0/lib -mlittle-endian -mcpu=v11.0 -mxl-soft-mul -Wl,--no-relax -Wl,--gc-sections -o "elec_Monday.elf"  ./src/elec_monday.o   -Wl,--start-group,-lxil,-lgcc,-lc,--end-group
Finished building target: elec_Monday.elf
 
Invoking: MicroBlaze Print Size
mb-size elec_Monday.elf  |tee "elec_Monday.elf.size"
   text	   data	    bss	    dec	    hex	filename
   7556	    300	   3136	  10992	   2af0	elec_Monday.elf
Finished building: elec_Monday.elf.size
 
20:21:27 **** Incremental Build of configuration Debug for project elec_Monday ****
make all 
make: Nothing to be done for 'all'.
20:22:04 **** Auto Build of configuration Debug for project elec_Monday ****
make all 
Building file: ../src/elec_monday.c
Invoking: MicroBlaze gcc compiler
mb-gcc -Wall -O0 -g3 -c -fmessage-length=0 -MT"src/elec_monday.o" -I../../HelloWorld_bsp/microblaze_0/include -mlittle-endian -mcpu=v11.0 -mxl-soft-mul -Wl,--no-relax -ffunction-sections -fdata-sections -MMD -MP -MF"src/elec_monday.d" -MT"src/elec_monday.o" -o "src/elec_monday.o" "../src/elec_monday.c"
Finished building: ../src/elec_monday.c
 
Building target: elec_Monday.elf
Invoking: MicroBlaze gcc linker
mb-gcc -Wl,-T -Wl,../src/lscript.ld -L../../HelloWorld_bsp/microblaze_0/lib -mlittle-endian -mcpu=v11.0 -mxl-soft-mul -Wl,--no-relax -Wl,--gc-sections -o "elec_Monday.elf"  ./src/elec_monday.o   -Wl,--start-group,-lxil,-lgcc,-lc,--end-group
Finished building target: elec_Monday.elf
 
Invoking: MicroBlaze Print Size
mb-size elec_Monday.elf  |tee "elec_Monday.elf.size"
   text	   data	    bss	    dec	    hex	filename
   7568	    300	   3132	  11000	   2af8	elec_Monday.elf
Finished building: elec_Monday.elf.size
 
20:22:08 **** Incremental Build of configuration Debug for project elec_Monday ****
make all 
make: Nothing to be done for 'all'.
20:22:52 **** Auto Build of configuration Debug for project elec_Monday ****
make all 
Building file: ../src/elec_monday.c
Invoking: MicroBlaze gcc compiler
mb-gcc -Wall -O0 -g3 -c -fmessage-length=0 -MT"src/elec_monday.o" -I../../HelloWorld_bsp/microblaze_0/include -mlittle-endian -mcpu=v11.0 -mxl-soft-mul -Wl,--no-relax -ffunction-sections -fdata-sections -MMD -MP -MF"src/elec_monday.d" -MT"src/elec_monday.o" -o "src/elec_monday.o" "../src/elec_monday.c"
Finished building: ../src/elec_monday.c
 
Building target: elec_Monday.elf
Invoking: MicroBlaze gcc linker
mb-gcc -Wl,-T -Wl,../src/lscript.ld -L../../HelloWorld_bsp/microblaze_0/lib -mlittle-endian -mcpu=v11.0 -mxl-soft-mul -Wl,--no-relax -Wl,--gc-sections -o "elec_Monday.elf"  ./src/elec_monday.o   -Wl,--start-group,-lxil,-lgcc,-lc,--end-group
Finished building target: elec_Monday.elf
 
Invoking: MicroBlaze Print Size
mb-size elec_Monday.elf  |tee "elec_Monday.elf.size"
   text	   data	    bss	    dec	    hex	filename
   7568	    300	   3132	  11000	   2af8	elec_Monday.elf
Finished building: elec_Monday.elf.size
 
20:22:56 **** Incremental Build of configuration Debug for project elec_Monday ****
make all 
make: Nothing to be done for 'all'.
20:23:22 **** Auto Build of configuration Debug for project elec_Monday ****
make all 
Building file: ../src/elec_monday.c
Invoking: MicroBlaze gcc compiler
mb-gcc -Wall -O0 -g3 -c -fmessage-length=0 -MT"src/elec_monday.o" -I../../HelloWorld_bsp/microblaze_0/include -mlittle-endian -mcpu=v11.0 -mxl-soft-mul -Wl,--no-relax -ffunction-sections -fdata-sections -MMD -MP -MF"src/elec_monday.d" -MT"src/elec_monday.o" -o "src/elec_monday.o" "../src/elec_monday.c"
Finished building: ../src/elec_monday.c
 
Building target: elec_Monday.elf
Invoking: MicroBlaze gcc linker
mb-gcc -Wl,-T -Wl,../src/lscript.ld -L../../HelloWorld_bsp/microblaze_0/lib -mlittle-endian -mcpu=v11.0 -mxl-soft-mul -Wl,--no-relax -Wl,--gc-sections -o "elec_Monday.elf"  ./src/elec_monday.o   -Wl,--start-group,-lxil,-lgcc,-lc,--end-group
Finished building target: elec_Monday.elf
 
Invoking: MicroBlaze Print Size
mb-size elec_Monday.elf  |tee "elec_Monday.elf.size"
   text	   data	    bss	    dec	    hex	filename
   7532	    300	   3136	  10968	   2ad8	elec_Monday.elf
Finished building: elec_Monday.elf.size
 
20:23:25 **** Incremental Build of configuration Debug for project elec_Monday ****
make all 
make: Nothing to be done for 'all'.
20:24:01 **** Incremental Build of configuration Debug for project elec_Monday ****
make all 
Building file: ../src/elec_monday.c
Invoking: MicroBlaze gcc compiler
mb-gcc -Wall -O0 -g3 -c -fmessage-length=0 -MT"src/elec_monday.o" -I../../HelloWorld_bsp/microblaze_0/include -mlittle-endian -mcpu=v11.0 -mxl-soft-mul -Wl,--no-relax -ffunction-sections -fdata-sections -MMD -MP -MF"src/elec_monday.d" -MT"src/elec_monday.o" -o "src/elec_monday.o" "../src/elec_monday.c"
Finished building: ../src/elec_monday.c
 
Building target: elec_Monday.elf
Invoking: MicroBlaze gcc linker
mb-gcc -Wl,-T -Wl,../src/lscript.ld -L../../HelloWorld_bsp/microblaze_0/lib -mlittle-endian -mcpu=v11.0 -mxl-soft-mul -Wl,--no-relax -Wl,--gc-sections -o "elec_Monday.elf"  ./src/elec_monday.o   -Wl,--start-group,-lxil,-lgcc,-lc,--end-group
Finished building target: elec_Monday.elf
 
Invoking: MicroBlaze Print Size
mb-size elec_Monday.elf  |tee "elec_Monday.elf.size"
   text	   data	    bss	    dec	    hex	filename
   7560	    300	   3132	  10992	   2af0	elec_Monday.elf
Finished building: elec_Monday.elf.size
 
20:24:21 **** Auto Build of configuration Debug for project elec_Monday ****
make all 
Building file: ../src/elec_monday.c
Invoking: MicroBlaze gcc compiler
mb-gcc -Wall -O0 -g3 -c -fmessage-length=0 -MT"src/elec_monday.o" -I../../HelloWorld_bsp/microblaze_0/include -mlittle-endian -mcpu=v11.0 -mxl-soft-mul -Wl,--no-relax -ffunction-sections -fdata-sections -MMD -MP -MF"src/elec_monday.d" -MT"src/elec_monday.o" -o "src/elec_monday.o" "../src/elec_monday.c"
../src/elec_monday.c: In function 'My_ISR':
../src/elec_monday.c:99:8: warning: this 'for' clause does not guard... [-Wmisleading-indentation]
        for (int i = 0; i < 10; i++);
        ^~~
../src/elec_monday.c:100:9: note: ...this statement, but the latter is misleadingly indented as if it were guarded by the 'for'
         display_seg();
         ^~~~~~~~~~~
Finished building: ../src/elec_monday.c
 
Building target: elec_Monday.elf
Invoking: MicroBlaze gcc linker
mb-gcc -Wl,-T -Wl,../src/lscript.ld -L../../HelloWorld_bsp/microblaze_0/lib -mlittle-endian -mcpu=v11.0 -mxl-soft-mul -Wl,--no-relax -Wl,--gc-sections -o "elec_Monday.elf"  ./src/elec_monday.o   -Wl,--start-group,-lxil,-lgcc,-lc,--end-group
Finished building target: elec_Monday.elf
 
Invoking: MicroBlaze Print Size
mb-size elec_Monday.elf  |tee "elec_Monday.elf.size"
   text	   data	    bss	    dec	    hex	filename
   7596	    300	   3136	  11032	   2b18	elec_Monday.elf
Finished building: elec_Monday.elf.size
 
20:24:24 **** Incremental Build of configuration Debug for project elec_Monday ****
make all 
make: Nothing to be done for 'all'.
20:24:50 **** Auto Build of configuration Debug for project elec_Monday ****
make all 
Building file: ../src/elec_monday.c
Invoking: MicroBlaze gcc compiler
mb-gcc -Wall -O0 -g3 -c -fmessage-length=0 -MT"src/elec_monday.o" -I../../HelloWorld_bsp/microblaze_0/include -mlittle-endian -mcpu=v11.0 -mxl-soft-mul -Wl,--no-relax -ffunction-sections -fdata-sections -MMD -MP -MF"src/elec_monday.d" -MT"src/elec_monday.o" -o "src/elec_monday.o" "../src/elec_monday.c"
../src/elec_monday.c: In function 'My_ISR':
../src/elec_monday.c:99:8: warning: this 'for' clause does not guard... [-Wmisleading-indentation]
        for (int i = 0; i < 1000000; i++);
        ^~~
../src/elec_monday.c:100:9: note: ...this statement, but the latter is misleadingly indented as if it were guarded by the 'for'
         display_seg();
         ^~~~~~~~~~~
Finished building: ../src/elec_monday.c
 
Building target: elec_Monday.elf
Invoking: MicroBlaze gcc linker
mb-gcc -Wl,-T -Wl,../src/lscript.ld -L../../HelloWorld_bsp/microblaze_0/lib -mlittle-endian -mcpu=v11.0 -mxl-soft-mul -Wl,--no-relax -Wl,--gc-sections -o "elec_Monday.elf"  ./src/elec_monday.o   -Wl,--start-group,-lxil,-lgcc,-lc,--end-group
Finished building target: elec_Monday.elf
 
Invoking: MicroBlaze Print Size
mb-size elec_Monday.elf  |tee "elec_Monday.elf.size"
   text	   data	    bss	    dec	    hex	filename
   7600	    300	   3132	  11032	   2b18	elec_Monday.elf
Finished building: elec_Monday.elf.size
 
20:24:54 **** Incremental Build of configuration Debug for project elec_Monday ****
make all 
make: Nothing to be done for 'all'.
20:25:11 **** Auto Build of configuration Debug for project elec_Monday ****
make all 
Building file: ../src/elec_monday.c
Invoking: MicroBlaze gcc compiler
mb-gcc -Wall -O0 -g3 -c -fmessage-length=0 -MT"src/elec_monday.o" -I../../HelloWorld_bsp/microblaze_0/include -mlittle-endian -mcpu=v11.0 -mxl-soft-mul -Wl,--no-relax -ffunction-sections -fdata-sections -MMD -MP -MF"src/elec_monday.d" -MT"src/elec_monday.o" -o "src/elec_monday.o" "../src/elec_monday.c"
../src/elec_monday.c: In function 'My_ISR':
../src/elec_monday.c:99:8: warning: this 'for' clause does not guard... [-Wmisleading-indentation]
        for (int i = 0; i < 10000000; i++);
        ^~~
../src/elec_monday.c:100:9: note: ...this statement, but the latter is misleadingly indented as if it were guarded by the 'for'
         display_seg();
         ^~~~~~~~~~~
Finished building: ../src/elec_monday.c
 
Building target: elec_Monday.elf
Invoking: MicroBlaze gcc linker
mb-gcc -Wl,-T -Wl,../src/lscript.ld -L../../HelloWorld_bsp/microblaze_0/lib -mlittle-endian -mcpu=v11.0 -mxl-soft-mul -Wl,--no-relax -Wl,--gc-sections -o "elec_Monday.elf"  ./src/elec_monday.o   -Wl,--start-group,-lxil,-lgcc,-lc,--end-group
Finished building target: elec_Monday.elf
 
Invoking: MicroBlaze Print Size
mb-size elec_Monday.elf  |tee "elec_Monday.elf.size"
   text	   data	    bss	    dec	    hex	filename
   7600	    300	   3132	  11032	   2b18	elec_Monday.elf
Finished building: elec_Monday.elf.size
 
20:25:15 **** Incremental Build of configuration Debug for project elec_Monday ****
make all 
make: Nothing to be done for 'all'.
20:28:45 **** Auto Build of configuration Debug for project elec_Monday ****
make all 
Building file: ../src/elec_monday.c
Invoking: MicroBlaze gcc compiler
mb-gcc -Wall -O0 -g3 -c -fmessage-length=0 -MT"src/elec_monday.o" -I../../HelloWorld_bsp/microblaze_0/include -mlittle-endian -mcpu=v11.0 -mxl-soft-mul -Wl,--no-relax -ffunction-sections -fdata-sections -MMD -MP -MF"src/elec_monday.d" -MT"src/elec_monday.o" -o "src/elec_monday.o" "../src/elec_monday.c"
Finished building: ../src/elec_monday.c
 
Building target: elec_Monday.elf
Invoking: MicroBlaze gcc linker
mb-gcc -Wl,-T -Wl,../src/lscript.ld -L../../HelloWorld_bsp/microblaze_0/lib -mlittle-endian -mcpu=v11.0 -mxl-soft-mul -Wl,--no-relax -Wl,--gc-sections -o "elec_Monday.elf"  ./src/elec_monday.o   -Wl,--start-group,-lxil,-lgcc,-lc,--end-group
Finished building target: elec_Monday.elf
 
Invoking: MicroBlaze Print Size
mb-size elec_Monday.elf  |tee "elec_Monday.elf.size"
   text	   data	    bss	    dec	    hex	filename
   7572	    300	   3136	  11008	   2b00	elec_Monday.elf
Finished building: elec_Monday.elf.size
 
20:28:58 **** Auto Build of configuration Debug for project elec_Monday ****
make all 
Building file: ../src/elec_monday.c
Invoking: MicroBlaze gcc compiler
mb-gcc -Wall -O0 -g3 -c -fmessage-length=0 -MT"src/elec_monday.o" -I../../HelloWorld_bsp/microblaze_0/include -mlittle-endian -mcpu=v11.0 -mxl-soft-mul -Wl,--no-relax -ffunction-sections -fdata-sections -MMD -MP -MF"src/elec_monday.d" -MT"src/elec_monday.o" -o "src/elec_monday.o" "../src/elec_monday.c"
Finished building: ../src/elec_monday.c
 
Building target: elec_Monday.elf
Invoking: MicroBlaze gcc linker
mb-gcc -Wl,-T -Wl,../src/lscript.ld -L../../HelloWorld_bsp/microblaze_0/lib -mlittle-endian -mcpu=v11.0 -mxl-soft-mul -Wl,--no-relax -Wl,--gc-sections -o "elec_Monday.elf"  ./src/elec_monday.o   -Wl,--start-group,-lxil,-lgcc,-lc,--end-group
Finished building target: elec_Monday.elf
 
Invoking: MicroBlaze Print Size
mb-size elec_Monday.elf  |tee "elec_Monday.elf.size"
   text	   data	    bss	    dec	    hex	filename
   7584	    300	   3132	  11016	   2b08	elec_Monday.elf
Finished building: elec_Monday.elf.size
 
20:29:01 **** Incremental Build of configuration Debug for project elec_Monday ****
make all 
make: Nothing to be done for 'all'.
20:29:16 **** Auto Build of configuration Debug for project elec_Monday ****
make all 
Building file: ../src/elec_monday.c
Invoking: MicroBlaze gcc compiler
[...]
19:03:29 **** Auto Build of configuration Debug for project HelloWorld ****
make all 
Building file: ../src/helloworld.c
Invoking: MicroBlaze gcc compiler
mb-gcc -Wall -O0 -g3 -c -fmessage-length=0 -MT"src/helloworld.o" -I../../HelloWorld_bsp/microblaze_0/include -mlittle-endian -mcpu=v11.0 -mxl-soft-mul -Wl,--no-relax -ffunction-sections -fdata-sections -MMD -MP -MF"src/helloworld.d" -MT"src/helloworld.o" -o "src/helloworld.o" "../src/helloworld.c"
../src/helloworld.c: In function 'My_ISR':
../src/helloworld.c:59:12: error: 'XPAR_MICROBLAZE_0_AXI_INTC_BASEADDR' undeclared (first use in this function); did you mean 'XPAR_MICROBLAZE_0_ICACHE_BASEADDR'?
  Xil_Out32(XPAR_MICROBLAZE_0_AXI_INTC_BASEADDR+XIN_IAR_OFFSET,status);
            ^~~~~~~~~~~~~~~~~~~~~~~~~~~~~~~~~~~
            XPAR_MICROBLAZE_0_ICACHE_BASEADDR
../src/helloworld.c:59:12: note: each undeclared identifier is reported only once for each function it appears in
make: *** [src/subdir.mk:26: src/helloworld.o] Error 1
19:03:37 **** Auto Build of configuration Debug for project HelloWorld ****
make all 
Building file: ../src/helloworld.c
Invoking: MicroBlaze gcc compiler
mb-gcc -Wall -O0 -g3 -c -fmessage-length=0 -MT"src/helloworld.o" -I../../HelloWorld_bsp/microblaze_0/include -mlittle-endian -mcpu=v11.0 -mxl-soft-mul -Wl,--no-relax -ffunction-sections -fdata-sections -MMD -MP -MF"src/helloworld.d" -MT"src/helloworld.o" -o "src/helloworld.o" "../src/helloworld.c"
Finished building: ../src/helloworld.c
 
Building target: HelloWorld.elf
Invoking: MicroBlaze gcc linker
mb-gcc -Wl,-T -Wl,../src/lscript.ld -L../../HelloWorld_bsp/microblaze_0/lib -mlittle-endian -mcpu=v11.0 -mxl-soft-mul -Wl,--no-relax -Wl,--gc-sections -o "HelloWorld.elf"  ./src/helloworld.o ./src/platform.o   -Wl,--start-group,-lxil,-lgcc,-lc,--end-group
Finished building target: HelloWorld.elf
 
Invoking: MicroBlaze Print Size
mb-size HelloWorld.elf  |tee "HelloWorld.elf.size"
   text	   data	    bss	    dec	    hex	filename
   6644	    264	   3116	  10024	   2728	HelloWorld.elf
Finished building: HelloWorld.elf.size
 
19:07:23 **** Incremental Build of configuration Debug for project HelloWorld ****
make all 
make: Nothing to be done for 'all'.
19:08:36 **** Incremental Build of configuration Debug for project HelloWorld ****
make all 
make: Nothing to be done for 'all'.

**** Build of configuration Debug for project SeriesIOControl2 ****

Nothing to build for project SeriesIOControl2
19:29:53 **** Auto Build of configuration Debug for project SeriesIOControl2 ****
make all 
Building file: ../src/SeriesControl2.c
Invoking: MicroBlaze gcc compiler
mb-gcc -Wall -O0 -g3 -c -fmessage-length=0 -MT"src/SeriesControl2.o" -I../../HelloWorld_bsp/microblaze_0/include -mlittle-endian -mcpu=v11.0 -mxl-soft-mul -Wl,--no-relax -ffunction-sections -fdata-sections -MMD -MP -MF"src/SeriesControl2.d" -MT"src/SeriesControl2.o" -o "src/SeriesControl2.o" "../src/SeriesControl2.c"
Finished building: ../src/SeriesControl2.c
 
Building target: SeriesIOControl2.elf
Invoking: MicroBlaze gcc linker
mb-gcc -Wl,-T -Wl,../src/lscript.ld -L../../HelloWorld_bsp/microblaze_0/lib -mlittle-endian -mcpu=v11.0 -mxl-soft-mul -Wl,--no-relax -Wl,--gc-sections -o "SeriesIOControl2.elf"  ./src/SeriesControl2.o   -Wl,--start-group,-lxil,-lgcc,-lc,--end-group
d:/vivado_2018_03/sdk/2018.3/gnu/microblaze/nt/bin/../lib/gcc/microblaze-xilinx-elf/7.3.1/../../../../microblaze-xilinx-elf/lib/le/crtinit.o: In function `_crtinit':
(.text+0x78): undefined reference to `main'
collect2.exe: error: ld returned 1 exit status
make: *** [makefile:38: SeriesIOControl2.elf] Error 1
19:30:12 **** Auto Build of configuration Debug for project SeriesIOControl2 ****
make all 
Building file: ../src/SeriesControl2.c
Invoking: MicroBlaze gcc compiler
mb-gcc -Wall -O0 -g3 -c -fmessage-length=0 -MT"src/SeriesControl2.o" -I../../HelloWorld_bsp/microblaze_0/include -mlittle-endian -mcpu=v11.0 -mxl-soft-mul -Wl,--no-relax -ffunction-sections -fdata-sections -MMD -MP -MF"src/SeriesControl2.d" -MT"src/SeriesControl2.o" -o "src/SeriesControl2.o" "../src/SeriesControl2.c"
Finished building: ../src/SeriesControl2.c
 
Building target: SeriesIOControl2.elf
Invoking: MicroBlaze gcc linker
mb-gcc -Wl,-T -Wl,../src/lscript.ld -L../../HelloWorld_bsp/microblaze_0/lib -mlittle-endian -mcpu=v11.0 -mxl-soft-mul -Wl,--no-relax -Wl,--gc-sections -o "SeriesIOControl2.elf"  ./src/SeriesControl2.o   -Wl,--start-group,-lxil,-lgcc,-lc,--end-group
Finished building target: SeriesIOControl2.elf
 
Invoking: MicroBlaze Print Size
mb-size SeriesIOControl2.elf  |tee "SeriesIOControl2.elf.size"
   text	   data	    bss	    dec	    hex	filename
   6868	    268	   3120	  10256	   2810	SeriesIOControl2.elf
Finished building: SeriesIOControl2.elf.size
 
19:30:14 **** Auto Build of configuration Debug for project SeriesIOControl2 ****
make all 
make: Nothing to be done for 'all'.
19:31:18 **** Incremental Build of configuration Debug for project SeriesIOControl2 ****
make all 
make: Nothing to be done for 'all'.
19:33:41 **** Incremental Build of configuration Debug for project SeriesIOControl2 ****
make all 
make: Nothing to be done for 'all'.
19:47:14 **** Auto Build of configuration Debug for project HelloWorld ****
make all 
Building file: ../src/helloworld.c
Invoking: MicroBlaze gcc compiler
mb-gcc -Wall -O0 -g3 -c -fmessage-length=0 -MT"src/helloworld.o" -I../../HelloWorld_bsp/microblaze_0/include -mlittle-endian -mcpu=v11.0 -mxl-soft-mul -Wl,--no-relax -ffunction-sections -fdata-sections -MMD -MP -MF"src/helloworld.d" -MT"src/helloworld.o" -o "src/helloworld.o" "../src/helloworld.c"
Finished building: ../src/helloworld.c
 
Building target: HelloWorld.elf
Invoking: MicroBlaze gcc linker
mb-gcc -Wl,-T -Wl,../src/lscript.ld -L../../HelloWorld_bsp/microblaze_0/lib -mlittle-endian -mcpu=v11.0 -mxl-soft-mul -Wl,--no-relax -Wl,--gc-sections -o "HelloWorld.elf"  ./src/helloworld.o ./src/platform.o   -Wl,--start-group,-lxil,-lgcc,-lc,--end-group
Finished building target: HelloWorld.elf
 
Invoking: MicroBlaze Print Size
mb-size HelloWorld.elf  |tee "HelloWorld.elf.size"
   text	   data	    bss	    dec	    hex	filename
   6644	    264	   3116	  10024	   2728	HelloWorld.elf
Finished building: HelloWorld.elf.size
 
19:48:56 **** Auto Build of configuration Debug for project HelloWorld ****
make all 
Building file: ../src/helloworld.c
Invoking: MicroBlaze gcc compiler
mb-gcc -Wall -O0 -g3 -c -fmessage-length=0 -MT"src/helloworld.o" -I../../HelloWorld_bsp/microblaze_0/include -mlittle-endian -mcpu=v11.0 -mxl-soft-mul -Wl,--no-relax -ffunction-sections -fdata-sections -MMD -MP -MF"src/helloworld.d" -MT"src/helloworld.o" -o "src/helloworld.o" "../src/helloworld.c"
Finished building: ../src/helloworld.c
 
Building target: HelloWorld.elf
Invoking: MicroBlaze gcc linker
mb-gcc -Wl,-T -Wl,../src/lscript.ld -L../../HelloWorld_bsp/microblaze_0/lib -mlittle-endian -mcpu=v11.0 -mxl-soft-mul -Wl,--no-relax -Wl,--gc-sections -o "HelloWorld.elf"  ./src/helloworld.o ./src/platform.o   -Wl,--start-group,-lxil,-lgcc,-lc,--end-group
Finished building target: HelloWorld.elf
 
Invoking: MicroBlaze Print Size
mb-size HelloWorld.elf  |tee "HelloWorld.elf.size"
   text	   data	    bss	    dec	    hex	filename
   6644	    264	   3116	  10024	   2728	HelloWorld.elf
Finished building: HelloWorld.elf.size
 
19:51:02 **** Auto Build of configuration Debug for project HelloWorld ****
make all 
Building file: ../src/helloworld.c
Invoking: MicroBlaze gcc compiler
mb-gcc -Wall -O0 -g3 -c -fmessage-length=0 -MT"src/helloworld.o" -I../../HelloWorld_bsp/microblaze_0/include -mlittle-endian -mcpu=v11.0 -mxl-soft-mul -Wl,--no-relax -ffunction-sections -fdata-sections -MMD -MP -MF"src/helloworld.d" -MT"src/helloworld.o" -o "src/helloworld.o" "../src/helloworld.c"
Finished building: ../src/helloworld.c
 
Building target: HelloWorld.elf
Invoking: MicroBlaze gcc linker
mb-gcc -Wl,-T -Wl,../src/lscript.ld -L../../HelloWorld_bsp/microblaze_0/lib -mlittle-endian -mcpu=v11.0 -mxl-soft-mul -Wl,--no-relax -Wl,--gc-sections -o "HelloWorld.elf"  ./src/helloworld.o ./src/platform.o   -Wl,--start-group,-lxil,-lgcc,-lc,--end-group
Finished building target: HelloWorld.elf
 
Invoking: MicroBlaze Print Size
mb-size HelloWorld.elf  |tee "HelloWorld.elf.size"
   text	   data	    bss	    dec	    hex	filename
   6644	    264	   3116	  10024	   2728	HelloWorld.elf
Finished building: HelloWorld.elf.size
 

**** Build of configuration Debug for project SeriesIOControl1 ****

Nothing to build for project SeriesIOControl1
19:53:32 **** Auto Build of configuration Debug for project SeriesIOControl1 ****
make all 
Building file: ../src/SeriesControl1.c
Invoking: MicroBlaze gcc compiler
mb-gcc -Wall -O0 -g3 -c -fmessage-length=0 -MT"src/SeriesControl1.o" -I../../HelloWorld_bsp/microblaze_0/include -mlittle-endian -mcpu=v11.0 -mxl-soft-mul -Wl,--no-relax -ffunction-sections -fdata-sections -MMD -MP -MF"src/SeriesControl1.d" -MT"src/SeriesControl1.o" -o "src/SeriesControl1.o" "../src/SeriesControl1.c"
Finished building: ../src/SeriesControl1.c
 
Building target: SeriesIOControl1.elf
Invoking: MicroBlaze gcc linker
mb-gcc -Wl,-T -Wl,../src/lscript.ld -L../../HelloWorld_bsp/microblaze_0/lib -mlittle-endian -mcpu=v11.0 -mxl-soft-mul -Wl,--no-relax -Wl,--gc-sections -o "SeriesIOControl1.elf"  ./src/SeriesControl1.o   -Wl,--start-group,-lxil,-lgcc,-lc,--end-group
d:/vivado_2018_03/sdk/2018.3/gnu/microblaze/nt/bin/../lib/gcc/microblaze-xilinx-elf/7.3.1/../../../../microblaze-xilinx-elf/lib/le/crtinit.o: In function `_crtinit':
(.text+0x78): undefined reference to `main'
collect2.exe: error: ld returned 1 exit status
make: *** [makefile:38: SeriesIOControl1.elf] Error 1
19:53:45 **** Auto Build of configuration Debug for project SeriesIOControl1 ****
make all 
Building file: ../src/SeriesControl1.c
Invoking: MicroBlaze gcc compiler
mb-gcc -Wall -O0 -g3 -c -fmessage-length=0 -MT"src/SeriesControl1.o" -I../../HelloWorld_bsp/microblaze_0/include -mlittle-endian -mcpu=v11.0 -mxl-soft-mul -Wl,--no-relax -ffunction-sections -fdata-sections -MMD -MP -MF"src/SeriesControl1.d" -MT"src/SeriesControl1.o" -o "src/SeriesControl1.o" "../src/SeriesControl1.c"
Finished building: ../src/SeriesControl1.c
 
Building target: SeriesIOControl1.elf
Invoking: MicroBlaze gcc linker
mb-gcc -Wl,-T -Wl,../src/lscript.ld -L../../HelloWorld_bsp/microblaze_0/lib -mlittle-endian -mcpu=v11.0 -mxl-soft-mul -Wl,--no-relax -Wl,--gc-sections -o "SeriesIOControl1.elf"  ./src/SeriesControl1.o   -Wl,--start-group,-lxil,-lgcc,-lc,--end-group
Finished building target: SeriesIOControl1.elf
 
Invoking: MicroBlaze Print Size
mb-size SeriesIOControl1.elf  |tee "SeriesIOControl1.elf.size"
   text	   data	    bss	    dec	    hex	filename
   6644	    264	   3116	  10024	   2728	SeriesIOControl1.elf
Finished building: SeriesIOControl1.elf.size
 
20:04:50 **** Auto Build of configuration Debug for project SeriesIOControl1 ****
make all 
Building file: ../src/SeriesControl1.c
Invoking: MicroBlaze gcc compiler
mb-gcc -Wall -O0 -g3 -c -fmessage-length=0 -MT"src/SeriesControl1.o" -I../../HelloWorld_bsp/microblaze_0/include -mlittle-endian -mcpu=v11.0 -mxl-soft-mul -Wl,--no-relax -ffunction-sections -fdata-sections -MMD -MP -MF"src/SeriesControl1.d" -MT"src/SeriesControl1.o" -o "src/SeriesControl1.o" "../src/SeriesControl1.c"
Finished building: ../src/SeriesControl1.c
 
Building target: SeriesIOControl1.elf
Invoking: MicroBlaze gcc linker
mb-gcc -Wl,-T -Wl,../src/lscript.ld -L../../HelloWorld_bsp/microblaze_0/lib -mlittle-endian -mcpu=v11.0 -mxl-soft-mul -Wl,--no-relax -Wl,--gc-sections -o "SeriesIOControl1.elf"  ./src/SeriesControl1.o   -Wl,--start-group,-lxil,-lgcc,-lc,--end-group
Finished building target: SeriesIOControl1.elf
 
Invoking: MicroBlaze Print Size
mb-size SeriesIOControl1.elf  |tee "SeriesIOControl1.elf.size"
   text	   data	    bss	    dec	    hex	filename
   6644	    264	   3116	  10024	   2728	SeriesIOControl1.elf
Finished building: SeriesIOControl1.elf.size
 
20:04:52 **** Auto Build of configuration Debug for project SeriesIOControl1 ****
make all 
make: Nothing to be done for 'all'.
20:06:58 **** Auto Build of configuration Debug for project SeriesIOControl1 ****
make all 
Building file: ../src/SeriesControl1.c
Invoking: MicroBlaze gcc compiler
mb-gcc -Wall -O0 -g3 -c -fmessage-length=0 -MT"src/SeriesControl1.o" -I../../HelloWorld_bsp/microblaze_0/include -mlittle-endian -mcpu=v11.0 -mxl-soft-mul -Wl,--no-relax -ffunction-sections -fdata-sections -MMD -MP -MF"src/SeriesControl1.d" -MT"src/SeriesControl1.o" -o "src/SeriesControl1.o" "../src/SeriesControl1.c"
Finished building: ../src/SeriesControl1.c
 
Building target: SeriesIOControl1.elf
Invoking: MicroBlaze gcc linker
mb-gcc -Wl,-T -Wl,../src/lscript.ld -L../../HelloWorld_bsp/microblaze_0/lib -mlittle-endian -mcpu=v11.0 -mxl-soft-mul -Wl,--no-relax -Wl,--gc-sections -o "SeriesIOControl1.elf"  ./src/SeriesControl1.o   -Wl,--start-group,-lxil,-lgcc,-lc,--end-group
Finished building target: SeriesIOControl1.elf
 
Invoking: MicroBlaze Print Size
mb-size SeriesIOControl1.elf  |tee "SeriesIOControl1.elf.size"
   text	   data	    bss	    dec	    hex	filename
   6644	    264	   3116	  10024	   2728	SeriesIOControl1.elf
Finished building: SeriesIOControl1.elf.size
 
20:38:11 **** Auto Build of configuration Debug for project SeriesIOControl1 ****
make all 
Building file: ../src/SeriesControl1.c
Invoking: MicroBlaze gcc compiler
mb-gcc -Wall -O0 -g3 -c -fmessage-length=0 -MT"src/SeriesControl1.o" -I../../HelloWorld_bsp/microblaze_0/include -mlittle-endian -mcpu=v11.0 -mxl-soft-mul -Wl,--no-relax -ffunction-sections -fdata-sections -MMD -MP -MF"src/SeriesControl1.d" -MT"src/SeriesControl1.o" -o "src/SeriesControl1.o" "../src/SeriesControl1.c"
Finished building: ../src/SeriesControl1.c
 
Building target: SeriesIOControl1.elf
Invoking: MicroBlaze gcc linker
mb-gcc -Wl,-T -Wl,../src/lscript.ld -L../../HelloWorld_bsp/microblaze_0/lib -mlittle-endian -mcpu=v11.0 -mxl-soft-mul -Wl,--no-relax -Wl,--gc-sections -o "SeriesIOControl1.elf"  ./src/SeriesControl1.o   -Wl,--start-group,-lxil,-lgcc,-lc,--end-group
Finished building target: SeriesIOControl1.elf
 
Invoking: MicroBlaze Print Size
mb-size SeriesIOControl1.elf  |tee "SeriesIOControl1.elf.size"
   text	   data	    bss	    dec	    hex	filename
   6644	    264	   3116	  10024	   2728	SeriesIOControl1.elf
Finished building: SeriesIOControl1.elf.size
 
20:58:00 **** Auto Build of configuration Debug for project SeriesIOControl1 ****
make all 
Building file: ../src/SeriesControl1.c
Invoking: MicroBlaze gcc compiler
mb-gcc -Wall -O0 -g3 -c -fmessage-length=0 -MT"src/SeriesControl1.o" -I../../HelloWorld_bsp/microblaze_0/include -mlittle-endian -mcpu=v11.0 -mxl-soft-mul -Wl,--no-relax -ffunction-sections -fdata-sections -MMD -MP -MF"src/SeriesControl1.d" -MT"src/SeriesControl1.o" -o "src/SeriesControl1.o" "../src/SeriesControl1.c"
Finished building: ../src/SeriesControl1.c
 
Building target: SeriesIOControl1.elf
Invoking: MicroBlaze gcc linker
mb-gcc -Wl,-T -Wl,../src/lscript.ld -L../../HelloWorld_bsp/microblaze_0/lib -mlittle-endian -mcpu=v11.0 -mxl-soft-mul -Wl,--no-relax -Wl,--gc-sections -o "SeriesIOControl1.elf"  ./src/SeriesControl1.o   -Wl,--start-group,-lxil,-lgcc,-lc,--end-group
Finished building target: SeriesIOControl1.elf
 
Invoking: MicroBlaze Print Size
mb-size SeriesIOControl1.elf  |tee "SeriesIOControl1.elf.size"
   text	   data	    bss	    dec	    hex	filename
   6644	    264	   3116	  10024	   2728	SeriesIOControl1.elf
Finished building: SeriesIOControl1.elf.size
 
20:58:46 **** Incremental Build of configuration Debug for project SeriesIOControl2 ****
make all 
Building file: ../src/SeriesControl2.c
Invoking: MicroBlaze gcc compiler
mb-gcc -Wall -O0 -g3 -c -fmessage-length=0 -MT"src/SeriesControl2.o" -I../../HelloWorld_bsp/microblaze_0/include -mlittle-endian -mcpu=v11.0 -mxl-soft-mul -Wl,--no-relax -ffunction-sections -fdata-sections -MMD -MP -MF"src/SeriesControl2.d" -MT"src/SeriesControl2.o" -o "src/SeriesControl2.o" "../src/SeriesControl2.c"
Finished building: ../src/SeriesControl2.c
 
Building target: SeriesIOControl2.elf
Invoking: MicroBlaze gcc linker
mb-gcc -Wl,-T -Wl,../src/lscript.ld -L../../HelloWorld_bsp/microblaze_0/lib -mlittle-endian -mcpu=v11.0 -mxl-soft-mul -Wl,--no-relax -Wl,--gc-sections -o "SeriesIOControl2.elf"  ./src/SeriesControl2.o   -Wl,--start-group,-lxil,-lgcc,-lc,--end-group
Finished building target: SeriesIOControl2.elf
 
Invoking: MicroBlaze Print Size
mb-size SeriesIOControl2.elf  |tee "SeriesIOControl2.elf.size"
   text	   data	    bss	    dec	    hex	filename
   6812	    268	   3120	  10200	   27d8	SeriesIOControl2.elf
Finished building: SeriesIOControl2.elf.size
 
20:59:10 **** Auto Build of configuration Debug for project SeriesIOControl1 ****
make all 
Building file: ../src/SeriesControl1.c
Invoking: MicroBlaze gcc compiler
mb-gcc -Wall -O0 -g3 -c -fmessage-length=0 -MT"src/SeriesControl1.o" -I../../HelloWorld_bsp/microblaze_0/include -mlittle-endian -mcpu=v11.0 -mxl-soft-mul -Wl,--no-relax -ffunction-sections -fdata-sections -MMD -MP -MF"src/SeriesControl1.d" -MT"src/SeriesControl1.o" -o "src/SeriesControl1.o" "../src/SeriesControl1.c"
Finished building: ../src/SeriesControl1.c
 
Building target: SeriesIOControl1.elf
Invoking: MicroBlaze gcc linker
mb-gcc -Wl,-T -Wl,../src/lscript.ld -L../../HelloWorld_bsp/microblaze_0/lib -mlittle-endian -mcpu=v11.0 -mxl-soft-mul -Wl,--no-relax -Wl,--gc-sections -o "SeriesIOControl1.elf"  ./src/SeriesControl1.o   -Wl,--start-group,-lxil,-lgcc,-lc,--end-group
Finished building target: SeriesIOControl1.elf
 
Invoking: MicroBlaze Print Size
mb-size SeriesIOControl1.elf  |tee "SeriesIOControl1.elf.size"
   text	   data	    bss	    dec	    hex	filename
   6756	    264	   3116	  10136	   2798	SeriesIOControl1.elf
Finished building: SeriesIOControl1.elf.size
 
20:59:14 **** Incremental Build of configuration Debug for project SeriesIOControl2 ****
make all 
make: Nothing to be done for 'all'.
21:00:33 **** Auto Build of configuration Debug for project SeriesIOControl1 ****
make all 
Building file: ../src/SeriesControl1.c
Invoking: MicroBlaze gcc compiler
mb-gcc -Wall -O0 -g3 -c -fmessage-length=0 -MT"src/SeriesControl1.o" -I../../HelloWorld_bsp/microblaze_0/include -mlittle-endian -mcpu=v11.0 -mxl-soft-mul -Wl,--no-relax -ffunction-sections -fdata-sections -MMD -MP -MF"src/SeriesControl1.d" -MT"src/SeriesControl1.o" -o "src/SeriesControl1.o" "../src/SeriesControl1.c"
Finished building: ../src/SeriesControl1.c
 
Building target: SeriesIOControl1.elf
Invoking: MicroBlaze gcc linker
mb-gcc -Wl,-T -Wl,../src/lscript.ld -L../../HelloWorld_bsp/microblaze_0/lib -mlittle-endian -mcpu=v11.0 -mxl-soft-mul -Wl,--no-relax -Wl,--gc-sections -o "SeriesIOControl1.elf"  ./src/SeriesControl1.o   -Wl,--start-group,-lxil,-lgcc,-lc,--end-group
Finished building target: SeriesIOControl1.elf
 
Invoking: MicroBlaze Print Size
mb-size SeriesIOControl1.elf  |tee "SeriesIOControl1.elf.size"
   text	   data	    bss	    dec	    hex	filename
   6644	    264	   3116	  10024	   2728	SeriesIOControl1.elf
Finished building: SeriesIOControl1.elf.size
 
21:00:57 **** Incremental Build of configuration Debug for project SeriesIOControl2 ****
make all 
make: Nothing to be done for 'all'.
21:01:27 **** Incremental Build of configuration Debug for project SeriesIOControl2 ****
make all 
make: Nothing to be done for 'all'.
21:03:01 **** Incremental Build of configuration Debug for project SeriesIOControl2 ****
make all 
make: Nothing to be done for 'all'.
21:03:12 **** Incremental Build of configuration Debug for project SeriesIOControl2 ****
make all 
make: Nothing to be done for 'all'.
21:03:43 **** Incremental Build of configuration Debug for project SeriesIOControl2 ****
make all 
make: Nothing to be done for 'all'.
21:03:54 **** Incremental Build of configuration Debug for project SeriesIOControl2 ****
make all 
make: Nothing to be done for 'all'.
